Archive member included to satisfy reference by file (symbol)

/opt/st/stm32cubeide_1.3.0_2/plugins/com.st.stm32cube.ide.mcu.externaltools.gnu-tools-for-stm32.7-2018-q2-update.linux64_1.0.0.201904181610/tools/bin/../lib/gcc/arm-none-eabi/7.3.1/../../../../arm-none-eabi/lib/thumb/v7e-m/fpv4-sp/hard/libc_nano.a(lib_a-errno.o)
                              Core/Src/syscalls.o (__errno)
/opt/st/stm32cubeide_1.3.0_2/plugins/com.st.stm32cube.ide.mcu.externaltools.gnu-tools-for-stm32.7-2018-q2-update.linux64_1.0.0.201904181610/tools/bin/../lib/gcc/arm-none-eabi/7.3.1/../../../../arm-none-eabi/lib/thumb/v7e-m/fpv4-sp/hard/libc_nano.a(lib_a-exit.o)
                              /opt/st/stm32cubeide_1.3.0_2/plugins/com.st.stm32cube.ide.mcu.externaltools.gnu-tools-for-stm32.7-2018-q2-update.linux64_1.0.0.201904181610/tools/bin/../lib/gcc/arm-none-eabi/7.3.1/../../../../arm-none-eabi/lib/thumb/v7e-m/fpv4-sp/hard/crt0.o (exit)
/opt/st/stm32cubeide_1.3.0_2/plugins/com.st.stm32cube.ide.mcu.externaltools.gnu-tools-for-stm32.7-2018-q2-update.linux64_1.0.0.201904181610/tools/bin/../lib/gcc/arm-none-eabi/7.3.1/../../../../arm-none-eabi/lib/thumb/v7e-m/fpv4-sp/hard/libc_nano.a(lib_a-impure.o)
                              /opt/st/stm32cubeide_1.3.0_2/plugins/com.st.stm32cube.ide.mcu.externaltools.gnu-tools-for-stm32.7-2018-q2-update.linux64_1.0.0.201904181610/tools/bin/../lib/gcc/arm-none-eabi/7.3.1/../../../../arm-none-eabi/lib/thumb/v7e-m/fpv4-sp/hard/libc_nano.a(lib_a-exit.o) (_global_impure_ptr)
/opt/st/stm32cubeide_1.3.0_2/plugins/com.st.stm32cube.ide.mcu.externaltools.gnu-tools-for-stm32.7-2018-q2-update.linux64_1.0.0.201904181610/tools/bin/../lib/gcc/arm-none-eabi/7.3.1/../../../../arm-none-eabi/lib/thumb/v7e-m/fpv4-sp/hard/libc_nano.a(lib_a-init.o)
                              /opt/st/stm32cubeide_1.3.0_2/plugins/com.st.stm32cube.ide.mcu.externaltools.gnu-tools-for-stm32.7-2018-q2-update.linux64_1.0.0.201904181610/tools/bin/../lib/gcc/arm-none-eabi/7.3.1/../../../../arm-none-eabi/lib/thumb/v7e-m/fpv4-sp/hard/crt0.o (__libc_init_array)
/opt/st/stm32cubeide_1.3.0_2/plugins/com.st.stm32cube.ide.mcu.externaltools.gnu-tools-for-stm32.7-2018-q2-update.linux64_1.0.0.201904181610/tools/bin/../lib/gcc/arm-none-eabi/7.3.1/../../../../arm-none-eabi/lib/thumb/v7e-m/fpv4-sp/hard/libc_nano.a(lib_a-memcpy-stub.o)
                              Middlewares/Third_Party/FreeRTOS/Source/queue.o (memcpy)
/opt/st/stm32cubeide_1.3.0_2/plugins/com.st.stm32cube.ide.mcu.externaltools.gnu-tools-for-stm32.7-2018-q2-update.linux64_1.0.0.201904181610/tools/bin/../lib/gcc/arm-none-eabi/7.3.1/../../../../arm-none-eabi/lib/thumb/v7e-m/fpv4-sp/hard/libc_nano.a(lib_a-memset.o)
                              /opt/st/stm32cubeide_1.3.0_2/plugins/com.st.stm32cube.ide.mcu.externaltools.gnu-tools-for-stm32.7-2018-q2-update.linux64_1.0.0.201904181610/tools/bin/../lib/gcc/arm-none-eabi/7.3.1/../../../../arm-none-eabi/lib/thumb/v7e-m/fpv4-sp/hard/crt0.o (memset)
/opt/st/stm32cubeide_1.3.0_2/plugins/com.st.stm32cube.ide.mcu.externaltools.gnu-tools-for-stm32.7-2018-q2-update.linux64_1.0.0.201904181610/tools/bin/../lib/gcc/arm-none-eabi/7.3.1/thumb/v7e-m/fpv4-sp/hard/libgcc.a(_aeabi_uldivmod.o)
                              Drivers/STM32F4xx_HAL_Driver/Src/stm32f4xx_hal_rcc.o (__aeabi_uldivmod)
/opt/st/stm32cubeide_1.3.0_2/plugins/com.st.stm32cube.ide.mcu.externaltools.gnu-tools-for-stm32.7-2018-q2-update.linux64_1.0.0.201904181610/tools/bin/../lib/gcc/arm-none-eabi/7.3.1/thumb/v7e-m/fpv4-sp/hard/libgcc.a(_udivmoddi4.o)
                              /opt/st/stm32cubeide_1.3.0_2/plugins/com.st.stm32cube.ide.mcu.externaltools.gnu-tools-for-stm32.7-2018-q2-update.linux64_1.0.0.201904181610/tools/bin/../lib/gcc/arm-none-eabi/7.3.1/thumb/v7e-m/fpv4-sp/hard/libgcc.a(_aeabi_uldivmod.o) (__udivmoddi4)
/opt/st/stm32cubeide_1.3.0_2/plugins/com.st.stm32cube.ide.mcu.externaltools.gnu-tools-for-stm32.7-2018-q2-update.linux64_1.0.0.201904181610/tools/bin/../lib/gcc/arm-none-eabi/7.3.1/thumb/v7e-m/fpv4-sp/hard/libgcc.a(_dvmd_tls.o)
                              /opt/st/stm32cubeide_1.3.0_2/plugins/com.st.stm32cube.ide.mcu.externaltools.gnu-tools-for-stm32.7-2018-q2-update.linux64_1.0.0.201904181610/tools/bin/../lib/gcc/arm-none-eabi/7.3.1/thumb/v7e-m/fpv4-sp/hard/libgcc.a(_aeabi_uldivmod.o) (__aeabi_ldiv0)

Allocating common symbols
Common symbol       size              file

UART2_TaskHandler   0x4               Core/Src/main.o
UART1_TX_Buffer     0x1               Core/Src/main.o
UART2_TX_Buffer     0x1               Core/Src/main.o
uwTick              0x4               Drivers/STM32F4xx_HAL_Driver/Src/stm32f4xx_hal.o
xQueueRegistry      0x40              Middlewares/Third_Party/FreeRTOS/Source/queue.o
pFlash              0x20              Drivers/STM32F4xx_HAL_Driver/Src/stm32f4xx_hal_flash.o
UART1_TaskHandler   0x4               Core/Src/main.o
huart1              0x40              Core/Src/main.o
htim6               0x40              Core/Src/stm32f4xx_hal_timebase_tim.o
[...]
Memory Configuration

Name             Origin             Length             Attributes
RAM              0x0000000020000000 0x0000000000020000 xrw
FLASH            0x0000000008000000 0x0000000000080000 xr
*default*        0x0000000000000000 0xffffffffffffffff

Linker script and memory map

LOAD /opt/st/stm32cubeide_1.3.0_2/plugins/com.st.stm32cube.ide.mcu.externaltools.gnu-tools-for-stm32.7-2018-q2-update.linux64_1.0.0.201904181610/tools/bin/../lib/gcc/arm-none-eabi/7.3.1/thumb/v7e-m/fpv4-sp/hard/crti.o
LOAD /opt/st/stm32cubeide_1.3.0_2/plugins/com.st.stm32cube.ide.mcu.externaltools.gnu-tools-for-stm32.7-2018-q2-update.linux64_1.0.0.201904181610/tools/bin/../lib/gcc/arm-none-eabi/7.3.1/thumb/v7e-m/fpv4-sp/hard/crtbegin.o
LOAD /opt/st/stm32cubeide_1.3.0_2/plugins/com.st.stm32cube.ide.mcu.externaltools.gnu-tools-for-stm32.7-2018-q2-update.linux64_1.0.0.201904181610/tools/bin/../lib/gcc/arm-none-eabi/7.3.1/../../../../arm-none-eabi/lib/thumb/v7e-m/fpv4-sp/hard/crt0.o
LOAD Core/Src/freertos.o
LOAD Core/Src/main.o
LOAD Core/Src/mytasks.o
LOAD Core/Src/stm32f4xx_hal_msp.o
LOAD Core/Src/stm32f4xx_hal_timebase_tim.o
LOAD Core/Src/stm32f4xx_it.o
LOAD Core/Src/syscalls.o
LOAD Core/Src/sysmem.o
LOAD Core/Src/system_stm32f4xx.o
LOAD Core/Startup/startup_stm32f446retx.o
LOAD Drivers/STM32F4xx_HAL_Driver/Src/stm32f4xx_hal.o
LOAD Drivers/STM32F4xx_HAL_Driver/Src/stm32f4xx_hal_cortex.o
LOAD Drivers/STM32F4xx_HAL_Driver/Src/stm32f4xx_hal_dma.o
LOAD Drivers/STM32F4xx_HAL_Driver/Src/stm32f4xx_hal_dma_ex.o
LOAD Drivers/STM32F4xx_HAL_Driver/Src/stm32f4xx_hal_exti.o
LOAD Drivers/STM32F4xx_HAL_Driver/Src/stm32f4xx_hal_flash.o
LOAD Drivers/STM32F4xx_HAL_Driver/Src/stm32f4xx_hal_flash_ex.o
LOAD Drivers/STM32F4xx_HAL_Driver/Src/stm32f4xx_hal_flash_ramfunc.o
LOAD Drivers/STM32F4xx_HAL_Driver/Src/stm32f4xx_hal_gpio.o
LOAD Drivers/STM32F4xx_HAL_Driver/Src/stm32f4xx_hal_pwr.o
LOAD Drivers/STM32F4xx_HAL_Driver/Src/stm32f4xx_hal_pwr_ex.o
LOAD Drivers/STM32F4xx_HAL_Driver/Src/stm32f4xx_hal_rcc.o
LOAD Drivers/STM32F4xx_HAL_Driver/Src/stm32f4xx_hal_rcc_ex.o
LOAD Drivers/STM32F4xx_HAL_Driver/Src/stm32f4xx_hal_tim.o
LOAD Drivers/STM32F4xx_HAL_Driver/Src/stm32f4xx_hal_tim_ex.o
LOAD Drivers/STM32F4xx_HAL_Driver/Src/stm32f4xx_hal_uart.o
LOAD Middlewares/Third_Party/FreeRTOS/Source/CMSIS_RTOS/cmsis_os.o
LOAD Middlewares/Third_Party/FreeRTOS/Source/croutine.o
LOAD Middlewares/Third_Party/FreeRTOS/Source/event_groups.o
LOAD Middlewares/Third_Party/FreeRTOS/Source/list.o
LOAD Middlewares/Third_Party/FreeRTOS/Source/queue.o
LOAD Middlewares/Third_Party/FreeRTOS/Source/stream_buffer.o
LOAD Middlewares/Third_Party/FreeRTOS/Source/tasks.o
LOAD Middlewares/Third_Party/FreeRTOS/Source/timers.o
LOAD Middlewares/Third_Party/FreeRTOS/Source/portable/GCC/ARM_CM4F/port.o
LOAD Middlewares/Third_Party/FreeRTOS/Source/portable/MemMang/heap_4.o
START GROUP
LOAD /opt/st/stm32cubeide_1.3.0_2/plugins/com.st.stm32cube.ide.mcu.externaltools.gnu-tools-for-stm32.7-2018-q2-update.linux64_1.0.0.201904181610/tools/bin/../lib/gcc/arm-none-eabi/7.3.1/../../../../arm-none-eabi/lib/thumb/v7e-m/fpv4-sp/hard/libc_nano.a
LOAD /opt/st/stm32cubeide_1.3.0_2/plugins/com.st.stm32cube.ide.mcu.externaltools.gnu-tools-for-stm32.7-2018-q2-update.linux64_1.0.0.201904181610/tools/bin/../lib/gcc/arm-none-eabi/7.3.1/../../../../arm-none-eabi/lib/thumb/v7e-m/fpv4-sp/hard/libm.a
END GROUP
START GROUP
LOAD /opt/st/stm32cubeide_1.3.0_2/plugins/com.st.stm32cube.ide.mcu.externaltools.gnu-tools-for-stm32.7-2018-q2-update.linux64_1.0.0.201904181610/tools/bin/../lib/gcc/arm-none-eabi/7.3.1/thumb/v7e-m/fpv4-sp/hard/libgcc.a
LOAD /opt/st/stm32cubeide_1.3.0_2/plugins/com.st.stm32cube.ide.mcu.externaltools.gnu-tools-for-stm32.7-2018-q2-update.linux64_1.0.0.201904181610/tools/bin/../lib/gcc/arm-none-eabi/7.3.1/../../../../arm-none-eabi/lib/thumb/v7e-m/fpv4-sp/hard/libc_nano.a
END GROUP
START GROUP
LOAD /opt/st/stm32cubeide_1.3.0_2/plugins/com.st.stm32cube.ide.mcu.externaltools.gnu-tools-for-stm32.7-2018-q2-update.linux64_1.0.0.201904181610/tools/bin/../lib/gcc/arm-none-eabi/7.3.1/thumb/v7e-m/fpv4-sp/hard/libgcc.a
LOAD /opt/st/stm32cubeide_1.3.0_2/plugins/com.st.stm32cube.ide.mcu.externaltools.gnu-tools-for-stm32.7-2018-q2-update.linux64_1.0.0.201904181610/tools/bin/../lib/gcc/arm-none-eabi/7.3.1/../../../../arm-none-eabi/lib/thumb/v7e-m/fpv4-sp/hard/libc_nano.a
LOAD /opt/st/stm32cubeide_1.3.0_2/plugins/com.st.stm32cube.ide.mcu.externaltools.gnu-tools-for-stm32.7-2018-q2-update.linux64_1.0.0.201904181610/tools/bin/../lib/gcc/arm-none-eabi/7.3.1/../../../../arm-none-eabi/lib/thumb/v7e-m/fpv4-sp/hard/libnosys.a
END GROUP
START GROUP
LOAD /opt/st/stm32cubeide_1.3.0_2/plugins/com.st.stm32cube.ide.mcu.externaltools.gnu-tools-for-stm32.7-2018-q2-update.linux64_1.0.0.201904181610/tools/bin/../lib/gcc/arm-none-eabi/7.3.1/thumb/v7e-m/fpv4-sp/hard/libgcc.a
LOAD /opt/st/stm32cubeide_1.3.0_2/plugins/com.st.stm32cube.ide.mcu.externaltools.gnu-tools-for-stm32.7-2018-q2-update.linux64_1.0.0.201904181610/tools/bin/../lib/gcc/arm-none-eabi/7.3.1/../../../../arm-none-eabi/lib/thumb/v7e-m/fpv4-sp/hard/libc_nano.a
LOAD /opt/st/stm32cubeide_1.3.0_2/plugins/com.st.stm32cube.ide.mcu.externaltools.gnu-tools-for-stm32.7-2018-q2-update.linux64_1.0.0.201904181610/tools/bin/../lib/gcc/arm-none-eabi/7.3.1/../../../../arm-none-eabi/lib/thumb/v7e-m/fpv4-sp/hard/libnosys.a
END GROUP
LOAD /opt/st/stm32cubeide_1.3.0_2/plugins/com.st.stm32cube.ide.mcu.externaltools.gnu-tools-for-stm32.7-2018-q2-update.linux64_1.0.0.201904181610/tools/bin/../lib/gcc/arm-none-eabi/7.3.1/thumb/v7e-m/fpv4-sp/hard/crtend.o
LOAD /opt/st/stm32cubeide_1.3.0_2/plugins/com.st.stm32cube.ide.mcu.externaltools.gnu-tools-for-stm32.7-2018-q2-update.linux64_1.0.0.201904181610/tools/bin/../lib/gcc/arm-none-eabi/7.3.1/thumb/v7e-m/fpv4-sp/hard/crtn.o
                0x0000000020020000                _estack = (ORIGIN (RAM) + LENGTH (RAM))
                0x0000000000000200                _Min_Heap_Size = 0x200
                0x0000000000000400                _Min_Stack_Size = 0x400

.isr_vector     0x0000000008000000      0x1c4
                0x0000000008000000                . = ALIGN (0x4)
 *(.isr_vector)
 .isr_vector    0x0000000008000000      0x1c4 Core/Startup/startup_stm32f446retx.o
                0x0000000008000000                g_pfnVectors
                0x00000000080001c4                . = ALIGN (0x4)

.text           0x00000000080001d0     0x5264
                0x00000000080001d0                . = ALIGN (0x4)
 *(.text)
 .text          0x00000000080001d0       0x40 /opt/st/stm32cubeide_1.3.0_2/plugins/com.st.stm32cube.ide.mcu.externaltools.gnu-tools-for-stm32.7-2018-q2-update.linux64_1.0.0.201904181610/tools/bin/../lib/gcc/arm-none-eabi/7.3.1/thumb/v7e-m/fpv4-sp/hard/crtbegin.o
 .text          0x0000000008000210       0x30 /opt/st/stm32cubeide_1.3.0_2/plugins/com.st.stm32cube.ide.mcu.externaltools.gnu-tools-for-stm32.7-2018-q2-update.linux64_1.0.0.201904181610/tools/bin/../lib/gcc/arm-none-eabi/7.3.1/thumb/v7e-m/fpv4-sp/hard/libgcc.a(_aeabi_uldivmod.o)
                0x0000000008000210                __aeabi_uldivmod
 .text          0x0000000008000240      0x2cc /opt/st/stm32cubeide_1.3.0_2/plugins/com.st.stm32cube.ide.mcu.externaltools.gnu-tools-for-stm32.7-2018-q2-update.linux64_1.0.0.201904181610/tools/bin/../lib/gcc/arm-none-eabi/7.3.1/thumb/v7e-m/fpv4-sp/hard/libgcc.a(_udivmoddi4.o)
                0x0000000008000240                __udivmoddi4
 .text          0x000000000800050c        0x4 /opt/st/stm32cubeide_1.3.0_2/plugins/com.st.stm32cube.ide.mcu.externaltools.gnu-tools-for-stm32.7-2018-q2-update.linux64_1.0.0.201904181610/tools/bin/../lib/gcc/arm-none-eabi/7.3.1/thumb/v7e-m/fpv4-sp/hard/libgcc.a(_dvmd_tls.o)
                0x000000000800050c                __aeabi_ldiv0
                0x000000000800050c                __aeabi_idiv0
 *(.text*)
 .text.vApplicationGetIdleTaskMemory
                0x0000000008000510       0x34 Core/Src/freertos.o
                0x0000000008000510                vApplicationGetIdleTaskMemory
 .text.main     0x0000000008000544      0x138 Core/Src/main.o
                0x0000000008000544                main
 .text.SystemClock_Config
                0x000000000800067c       0xe4 Core/Src/main.o
                0x000000000800067c                SystemClock_Config
 .text.MX_USART1_UART_Init
                0x0000000008000760       0x54 Core/Src/main.o
 .text.MX_USART2_UART_Init
                0x00000000080007b4       0x54 Core/Src/main.o
 .text.MX_GPIO_Init
                0x0000000008000808       0xe0 Core/Src/main.o
 .text.HAL_UART_RxCpltCallback
                0x00000000080008e8       0x8c Core/Src/main.o
                0x00000000080008e8                HAL_UART_RxCpltCallback
 .text.HAL_UART_TxCpltCallback
                0x0000000008000974       0x16 Core/Src/main.o
                0x0000000008000974                HAL_UART_TxCpltCallback
 *fill*         0x000000000800098a        0x2 
 .text.HAL_TIM_PeriodElapsedCallback
                0x000000000800098c       0x24 Core/Src/main.o
                0x000000000800098c                HAL_TIM_PeriodElapsedCallback
 .text.Error_Handler
                0x00000000080009b0        0xe Core/Src/main.o
                0x00000000080009b0                Error_Handler
 *fill*         0x00000000080009be        0x2 
 .text.StartUART1task
                0x00000000080009c0       0x38 Core/Src/mytasks.o
                0x00000000080009c0                StartUART1task
 .text.StartUART2task
                0x00000000080009f8       0x38 Core/Src/mytasks.o
                0x00000000080009f8                StartUART2task
 .text.HAL_MspInit
                0x0000000008000a30       0x58 Core/Src/stm32f4xx_hal_msp.o
                0x0000000008000a30                HAL_MspInit
 .text.HAL_UART_MspInit
                0x0000000008000a88      0x118 Core/Src/stm32f4xx_hal_msp.o
                0x0000000008000a88                HAL_UART_MspInit
 .text.HAL_InitTick
                0x0000000008000ba0       0xb4 Core/Src/stm32f4xx_hal_timebase_tim.o
                0x0000000008000ba0                HAL_InitTick
 .text.NMI_Handler
                0x0000000008000c54        0xe Core/Src/stm32f4xx_it.o
                0x0000000008000c54                NMI_Handler
 .text.HardFault_Handler
                0x0000000008000c62        0x6 Core/Src/stm32f4xx_it.o
                0x0000000008000c62                HardFault_Handler
 .text.MemManage_Handler
                0x0000000008000c68        0x6 Core/Src/stm32f4xx_it.o
                0x0000000008000c68                MemManage_Handler
 .text.BusFault_Handler
                0x0000000008000c6e        0x6 Core/Src/stm32f4xx_it.o
                0x0000000008000c6e                BusFault_Handler
 .text.UsageFault_Handler
                0x0000000008000c74        0x6 Core/Src/stm32f4xx_it.o
                0x0000000008000c74                UsageFault_Handler
 .text.DebugMon_Handler
                0x0000000008000c7a        0xe Core/Src/stm32f4xx_it.o
                0x0000000008000c7a                DebugMon_Handler
 .text.USART1_IRQHandler
                0x0000000008000c88       0x14 Core/Src/stm32f4xx_it.o
                0x0000000008000c88                USART1_IRQHandler
 .text.USART2_IRQHandler
                0x0000000008000c9c       0x14 Core/Src/stm32f4xx_it.o
                0x0000000008000c9c                USART2_IRQHandler
 .text.TIM6_DAC_IRQHandler
                0x0000000008000cb0       0x14 Core/Src/stm32f4xx_it.o
                0x0000000008000cb0                TIM6_DAC_IRQHandler
 .text.SystemInit
                0x0000000008000cc4       0x2c Core/Src/system_stm32f4xx.o
                0x0000000008000cc4                SystemInit
 .text.Reset_Handler
                0x0000000008000cf0       0x50 Core/Startup/startup_stm32f446retx.o
                0x0000000008000cf0                Reset_Handler
 .text.Default_Handler
                0x0000000008000d40        0x2 Core/Startup/startup_stm32f446retx.o
                0x0000000008000d40                RTC_Alarm_IRQHandler
                0x0000000008000d40                EXTI2_IRQHandler
                0x0000000008000d40                TIM8_CC_IRQHandler
                0x0000000008000d40                FMPI2C1_EV_IRQHandler
                0x0000000008000d40                SPI4_IRQHandler
                0x0000000008000d40                TIM1_CC_IRQHandler
                0x0000000008000d40                DMA2_Stream5_IRQHandler
                0x0000000008000d40                DMA1_Stream5_IRQHandler
                0x0000000008000d40                PVD_IRQHandler
                0x0000000008000d40                SDIO_IRQHandler
                0x0000000008000d40                TAMP_STAMP_IRQHandler
                0x0000000008000d40                CAN2_RX1_IRQHandler
                0x0000000008000d40                EXTI3_IRQHandler
                0x0000000008000d40                TIM8_TRG_COM_TIM14_IRQHandler
                0x0000000008000d40                TIM1_UP_TIM10_IRQHandler
                0x0000000008000d40                TIM8_UP_TIM13_IRQHandler
                0x0000000008000d40                I2C3_ER_IRQHandler
                0x0000000008000d40                EXTI0_IRQHandler
                0x0000000008000d40                I2C2_EV_IRQHandler
                0x0000000008000d40                DMA1_Stream2_IRQHandler
                0x0000000008000d40                CAN1_RX0_IRQHandler
                0x0000000008000d40                FPU_IRQHandler
                0x0000000008000d40                OTG_HS_WKUP_IRQHandler
                0x0000000008000d40                CAN2_SCE_IRQHandler
                0x0000000008000d40                DMA2_Stream2_IRQHandler
                0x0000000008000d40                SPI1_IRQHandler
                0x0000000008000d40                TIM1_BRK_TIM9_IRQHandler
                0x0000000008000d40                DCMI_IRQHandler
                0x0000000008000d40                CAN2_RX0_IRQHandler
                0x0000000008000d40                DMA2_Stream3_IRQHandler
                0x0000000008000d40                SAI2_IRQHandler
                0x0000000008000d40                USART6_IRQHandler
                0x0000000008000d40                USART3_IRQHandler
                0x0000000008000d40                CAN1_RX1_IRQHandler
                0x0000000008000d40                UART5_IRQHandler
                0x0000000008000d40                DMA2_Stream0_IRQHandler
                0x0000000008000d40                TIM4_IRQHandler
                0x0000000008000d40                QUADSPI_IRQHandler
                0x0000000008000d40                I2C1_EV_IRQHandler
                0x0000000008000d40                DMA1_Stream6_IRQHandler
                0x0000000008000d40                DMA1_Stream1_IRQHandler
                0x0000000008000d40                UART4_IRQHandler
                0x0000000008000d40                TIM3_IRQHandler
                0x0000000008000d40                RCC_IRQHandler
                0x0000000008000d40                TIM8_BRK_TIM12_IRQHandler
                0x0000000008000d40                Default_Handler
                0x0000000008000d40                CEC_IRQHandler
                0x0000000008000d40                EXTI15_10_IRQHandler
                0x0000000008000d40                ADC_IRQHandler
                0x0000000008000d40                DMA1_Stream7_IRQHandler
                0x0000000008000d40                TIM7_IRQHandler
                0x0000000008000d40                CAN2_TX_IRQHandler
                0x0000000008000d40                TIM5_IRQHandler
                0x0000000008000d40                DMA2_Stream7_IRQHandler
                0x0000000008000d40                I2C3_EV_IRQHandler
                0x0000000008000d40                EXTI9_5_IRQHandler
                0x0000000008000d40                RTC_WKUP_IRQHandler
                0x0000000008000d40                SPDIF_RX_IRQHandler
                0x0000000008000d40                SPI2_IRQHandler
                0x0000000008000d40                OTG_HS_EP1_IN_IRQHandler
                0x0000000008000d40                DMA1_Stream0_IRQHandler
                0x0000000008000d40                CAN1_TX_IRQHandler
                0x0000000008000d40                FMPI2C1_ER_IRQHandler
                0x0000000008000d40                EXTI4_IRQHandler
                0x0000000008000d40                OTG_HS_EP1_OUT_IRQHandler
                0x0000000008000d40                WWDG_IRQHandler
                0x0000000008000d40                TIM2_IRQHandler
                0x0000000008000d40                OTG_FS_WKUP_IRQHandler
                0x0000000008000d40                TIM1_TRG_COM_TIM11_IRQHandler
                0x0000000008000d40                OTG_HS_IRQHandler
                0x0000000008000d40                EXTI1_IRQHandler
                0x0000000008000d40                I2C2_ER_IRQHandler
                0x0000000008000d40                DMA2_Stream1_IRQHandler
                0x0000000008000d40                CAN1_SCE_IRQHandler
                0x0000000008000d40                FLASH_IRQHandler
                0x0000000008000d40                DMA2_Stream4_IRQHandler
                0x0000000008000d40                OTG_FS_IRQHandler
                0x0000000008000d40                SPI3_IRQHandler
                0x0000000008000d40                DMA1_Stream4_IRQHandler
                0x0000000008000d40                I2C1_ER_IRQHandler
                0x0000000008000d40                FMC_IRQHandler
                0x0000000008000d40                DMA2_Stream6_IRQHandler
                0x0000000008000d40                SAI1_IRQHandler
                0x0000000008000d40                DMA1_Stream3_IRQHandler
 *fill*         0x0000000008000d42        0x2 
 .text.HAL_Init
                0x0000000008000d44       0x44 Drivers/STM32F4xx_HAL_Driver/Src/stm32f4xx_hal.o
                0x0000000008000d44                HAL_Init
 .text.HAL_IncTick
                0x0000000008000d88       0x28 Drivers/STM32F4xx_HAL_Driver/Src/stm32f4xx_hal.o
                0x0000000008000d88                HAL_IncTick
 .text.HAL_GetTick
                0x0000000008000db0       0x18 Drivers/STM32F4xx_HAL_Driver/Src/stm32f4xx_hal.o
                0x0000000008000db0                HAL_GetTick
 .text.__NVIC_SetPriorityGrouping
                0x0000000008000dc8       0x48 Drivers/STM32F4xx_HAL_Driver/Src/stm32f4xx_hal_cortex.o
 .text.__NVIC_GetPriorityGrouping
                0x0000000008000e10       0x1c Drivers/STM32F4xx_HAL_Driver/Src/stm32f4xx_hal_cortex.o
 .text.__NVIC_EnableIRQ
                0x0000000008000e2c       0x3c Drivers/STM32F4xx_HAL_Driver/Src/stm32f4xx_hal_cortex.o
 .text.__NVIC_SetPriority
                0x0000000008000e68       0x54 Drivers/STM32F4xx_HAL_Driver/Src/stm32f4xx_hal_cortex.o
 .text.NVIC_EncodePriority
                0x0000000008000ebc       0x66 Drivers/STM32F4xx_HAL_Driver/Src/stm32f4xx_hal_cortex.o
 .text.HAL_NVIC_SetPriorityGrouping
                0x0000000008000f22       0x16 Drivers/STM32F4xx_HAL_Driver/Src/stm32f4xx_hal_cortex.o
                0x0000000008000f22                HAL_NVIC_SetPriorityGrouping
 .text.HAL_NVIC_SetPriority
                0x0000000008000f38       0x38 Drivers/STM32F4xx_HAL_Driver/Src/stm32f4xx_hal_cortex.o
                0x0000000008000f38                HAL_NVIC_SetPriority
 .text.HAL_NVIC_EnableIRQ
                0x0000000008000f70       0x1c Drivers/STM32F4xx_HAL_Driver/Src/stm32f4xx_hal_cortex.o
                0x0000000008000f70                HAL_NVIC_EnableIRQ
 .text.HAL_DMA_Abort_IT
                0x0000000008000f8c       0x44 Drivers/STM32F4xx_HAL_Driver/Src/stm32f4xx_hal_dma.o
                0x0000000008000f8c                HAL_DMA_Abort_IT
 .text.HAL_GPIO_Init
                0x0000000008000fd0      0x324 Drivers/STM32F4xx_HAL_Driver/Src/stm32f4xx_hal_gpio.o
                0x0000000008000fd0                HAL_GPIO_Init
 .text.HAL_GPIO_WritePin
                0x00000000080012f4       0x32 Drivers/STM32F4xx_HAL_Driver/Src/stm32f4xx_hal_gpio.o
                0x00000000080012f4                HAL_GPIO_WritePin
 *fill*         0x0000000008001326        0x2 
 .text.HAL_PWREx_EnableOverDrive
                0x0000000008001328       0xa0 Drivers/STM32F4xx_HAL_Driver/Src/stm32f4xx_hal_pwr_ex.o
                0x0000000008001328                HAL_PWREx_EnableOverDrive
 .text.HAL_RCC_ClockConfig
                0x00000000080013c8      0x1cc Drivers/STM32F4xx_HAL_Driver/Src/stm32f4xx_hal_rcc.o
                0x00000000080013c8                HAL_RCC_ClockConfig
 .text.HAL_RCC_GetHCLKFreq
                0x0000000008001594       0x18 Drivers/STM32F4xx_HAL_Driver/Src/stm32f4xx_hal_rcc.o
                0x0000000008001594                HAL_RCC_GetHCLKFreq
 .text.HAL_RCC_GetPCLK1Freq
                0x00000000080015ac       0x28 Drivers/STM32F4xx_HAL_Driver/Src/stm32f4xx_hal_rcc.o
                0x00000000080015ac                HAL_RCC_GetPCLK1Freq
 .text.HAL_RCC_GetPCLK2Freq
                0x00000000080015d4       0x28 Drivers/STM32F4xx_HAL_Driver/Src/stm32f4xx_hal_rcc.o
                0x00000000080015d4                HAL_RCC_GetPCLK2Freq
 .text.HAL_RCC_GetClockConfig
                0x00000000080015fc       0x64 Drivers/STM32F4xx_HAL_Driver/Src/stm32f4xx_hal_rcc.o
                0x00000000080015fc                HAL_RCC_GetClockConfig
 .text.HAL_RCC_GetSysClockFreq
                0x0000000008001660      0x340 Drivers/STM32F4xx_HAL_Driver/Src/stm32f4xx_hal_rcc_ex.o
                0x0000000008001660                HAL_RCC_GetSysClockFreq
 .text.HAL_RCC_OscConfig
                0x00000000080019a0      0x4b4 Drivers/STM32F4xx_HAL_Driver/Src/stm32f4xx_hal_rcc_ex.o
                0x00000000080019a0                HAL_RCC_OscConfig
 .text.HAL_TIM_Base_Init
                0x0000000008001e54       0x56 Drivers/STM32F4xx_HAL_Driver/Src/stm32f4xx_hal_tim.o
                0x0000000008001e54                HAL_TIM_Base_Init
 .text.HAL_TIM_Base_MspInit
                0x0000000008001eaa       0x14 Drivers/STM32F4xx_HAL_Driver/Src/stm32f4xx_hal_tim.o
                0x0000000008001eaa                HAL_TIM_Base_MspInit
 .text.HAL_TIM_Base_Start_IT
                0x0000000008001ebe       0x48 Drivers/STM32F4xx_HAL_Driver/Src/stm32f4xx_hal_tim.o
                0x0000000008001ebe                HAL_TIM_Base_Start_IT
 .text.HAL_TIM_IRQHandler
                0x0000000008001f06      0x210 Drivers/STM32F4xx_HAL_Driver/Src/stm32f4xx_hal_tim.o
                0x0000000008001f06                HAL_TIM_IRQHandler
 .text.HAL_TIM_OC_DelayElapsedCallback
                0x0000000008002116       0x14 Drivers/STM32F4xx_HAL_Driver/Src/stm32f4xx_hal_tim.o
                0x0000000008002116                HAL_TIM_OC_DelayElapsedCallback
 .text.HAL_TIM_IC_CaptureCallback
                0x000000000800212a       0x14 Drivers/STM32F4xx_HAL_Driver/Src/stm32f4xx_hal_tim.o
                0x000000000800212a                HAL_TIM_IC_CaptureCallback
 .text.HAL_TIM_PWM_PulseFinishedCallback
                0x000000000800213e       0x14 Drivers/STM32F4xx_HAL_Driver/Src/stm32f4xx_hal_tim.o
                0x000000000800213e                HAL_TIM_PWM_PulseFinishedCallback
 .text.HAL_TIM_TriggerCallback
                0x0000000008002152       0x14 Drivers/STM32F4xx_HAL_Driver/Src/stm32f4xx_hal_tim.o
                0x0000000008002152                HAL_TIM_TriggerCallback
 *fill*         0x0000000008002166        0x2 
 .text.TIM_Base_SetConfig
                0x0000000008002168      0x140 Drivers/STM32F4xx_HAL_Driver/Src/stm32f4xx_hal_tim.o
                0x0000000008002168                TIM_Base_SetConfig
 .text.HAL_TIMEx_CommutCallback
                0x00000000080022a8       0x14 Drivers/STM32F4xx_HAL_Driver/Src/stm32f4xx_hal_tim_ex.o
                0x00000000080022a8                HAL_TIMEx_CommutCallback
 .text.HAL_TIMEx_BreakCallback
                0x00000000080022bc       0x14 Drivers/STM32F4xx_HAL_Driver/Src/stm32f4xx_hal_tim_ex.o
                0x00000000080022bc                HAL_TIMEx_BreakCallback
 .text.HAL_UART_Init
                0x00000000080022d0       0x9a Drivers/STM32F4xx_HAL_Driver/Src/stm32f4xx_hal_uart.o
                0x00000000080022d0                HAL_UART_Init
 .text.HAL_UART_Transmit_IT
                0x000000000800236a       0x8a Drivers/STM32F4xx_HAL_Driver/Src/stm32f4xx_hal_uart.o
                0x000000000800236a                HAL_UART_Transmit_IT
 .text.HAL_UART_Receive_IT
                0x00000000080023f4       0xaa Drivers/STM32F4xx_HAL_Driver/Src/stm32f4xx_hal_uart.o
                0x00000000080023f4                HAL_UART_Receive_IT
 *fill*         0x000000000800249e        0x2 
 .text.HAL_UART_IRQHandler
                0x00000000080024a0      0x200 Drivers/STM32F4xx_HAL_Driver/Src/stm32f4xx_hal_uart.o
                0x00000000080024a0                HAL_UART_IRQHandler
 .text.HAL_UART_ErrorCallback
                0x00000000080026a0       0x14 Drivers/STM32F4xx_HAL_Driver/Src/stm32f4xx_hal_uart.o
                0x00000000080026a0                HAL_UART_ErrorCallback
 .text.UART_EndRxTransfer
                0x00000000080026b4       0x3c Drivers/STM32F4xx_HAL_Driver/Src/stm32f4xx_hal_uart.o
 .text.UART_DMAAbortOnError
                0x00000000080026f0       0x28 Drivers/STM32F4xx_HAL_Driver/Src/stm32f4xx_hal_uart.o
 .text.UART_Transmit_IT
                0x0000000008002718       0xac Drivers/STM32F4xx_HAL_Driver/Src/stm32f4xx_hal_uart.o
 .text.UART_EndTransmit_IT
                0x00000000080027c4       0x30 Drivers/STM32F4xx_HAL_Driver/Src/stm32f4xx_hal_uart.o
 .text.UART_Receive_IT
                0x00000000080027f4      0x102 Drivers/STM32F4xx_HAL_Driver/Src/stm32f4xx_hal_uart.o
 *fill*         0x00000000080028f6        0x2 
 .text.UART_SetConfig
                0x00000000080028f8      0x6f8 Drivers/STM32F4xx_HAL_Driver/Src/stm32f4xx_hal_uart.o
 .text.makeFreeRtosPriority
                0x0000000008002ff0       0x30 Middlewares/Third_Party/FreeRTOS/Source/CMSIS_RTOS/cmsis_os.o
 .text.inHandlerMode
                0x0000000008003020       0x24 Middlewares/Third_Party/FreeRTOS/Source/CMSIS_RTOS/cmsis_os.o
 .text.osKernelStart
                0x0000000008003044        0xe Middlewares/Third_Party/FreeRTOS/Source/CMSIS_RTOS/cmsis_os.o
                0x0000000008003044                osKernelStart
 .text.osThreadCreate
                0x0000000008003052       0x98 Middlewares/Third_Party/FreeRTOS/Source/CMSIS_RTOS/cmsis_os.o
                0x0000000008003052                osThreadCreate
 .text.osMessageCreate
                0x00000000080030ea       0x52 Middlewares/Third_Party/FreeRTOS/Source/CMSIS_RTOS/cmsis_os.o
                0x00000000080030ea                osMessageCreate
 .text.osMessagePut
                0x000000000800313c       0x80 Middlewares/Third_Party/FreeRTOS/Source/CMSIS_RTOS/cmsis_os.o
                0x000000000800313c                osMessagePut
 .text.osMessageGet
                0x00000000080031bc       0xe8 Middlewares/Third_Party/FreeRTOS/Source/CMSIS_RTOS/cmsis_os.o
                0x00000000080031bc                osMessageGet
 .text.vListInitialise
                0x00000000080032a4       0x40 Middlewares/Third_Party/FreeRTOS/Source/list.o
                0x00000000080032a4                vListInitialise
 .text.vListInitialiseItem
                0x00000000080032e4       0x1a Middlewares/Third_Party/FreeRTOS/Source/list.o
                0x00000000080032e4                vListInitialiseItem
 .text.vListInsertEnd
                0x00000000080032fe       0x48 Middlewares/Third_Party/FreeRTOS/Source/list.o
                0x00000000080032fe                vListInsertEnd
 .text.vListInsert
                0x0000000008003346       0x72 Middlewares/Third_Party/FreeRTOS/Source/list.o
                0x0000000008003346                vListInsert
 .text.uxListRemove
                0x00000000080033b8       0x54 Middlewares/Third_Party/FreeRTOS/Source/list.o
                0x00000000080033b8                uxListRemove
 .text.xQueueGenericReset
                0x000000000800340c       0xd0 Middlewares/Third_Party/FreeRTOS/Source/queue.o
                0x000000000800340c                xQueueGenericReset
 .text.xQueueGenericCreateStatic
                0x00000000080034dc       0xe6 Middlewares/Third_Party/FreeRTOS/Source/queue.o
                0x00000000080034dc                xQueueGenericCreateStatic
 .text.xQueueGenericCreate
                0x00000000080035c2       0x7e Middlewares/Third_Party/FreeRTOS/Source/queue.o
                0x00000000080035c2                xQueueGenericCreate
 .text.prvInitialiseNewQueue
                0x0000000008003640       0x3e Middlewares/Third_Party/FreeRTOS/Source/queue.o
 *fill*         0x000000000800367e        0x2 
 .text.xQueueGenericSend
                0x0000000008003680      0x1f4 Middlewares/Third_Party/FreeRTOS/Source/queue.o
                0x0000000008003680                xQueueGenericSend
 .text.xQueueGenericSendFromISR
                0x0000000008003874      0x128 Middlewares/Third_Party/FreeRTOS/Source/queue.o
                0x0000000008003874                xQueueGenericSendFromISR
 .text.xQueueReceive
                0x000000000800399c      0x1b8 Middlewares/Third_Party/FreeRTOS/Source/queue.o
                0x000000000800399c                xQueueReceive
 .text.xQueueReceiveFromISR
                0x0000000008003b54       0xfa Middlewares/Third_Party/FreeRTOS/Source/queue.o
                0x0000000008003b54                xQueueReceiveFromISR
 .text.prvCopyDataToQueue
                0x0000000008003c4e       0xd4 Middlewares/Third_Party/FreeRTOS/Source/queue.o
 .text.prvCopyDataFromQueue
                0x0000000008003d22       0x4c Middlewares/Third_Party/FreeRTOS/Source/queue.o
 .text.prvUnlockQueue
                0x0000000008003d6e       0xa4 Middlewares/Third_Party/FreeRTOS/Source/queue.o
 .text.prvIsQueueEmpty
                0x0000000008003e12       0x2c Middlewares/Third_Party/FreeRTOS/Source/queue.o
 .text.prvIsQueueFull
                0x0000000008003e3e       0x30 Middlewares/Third_Party/FreeRTOS/Source/queue.o
 .text.xTaskCreateStatic
                0x0000000008003e6e       0xb4 Middlewares/Third_Party/FreeRTOS/Source/tasks.o
                0x0000000008003e6e                xTaskCreateStatic
 .text.xTaskCreate
                0x0000000008003f22       0x8a Middlewares/Third_Party/FreeRTOS/Source/tasks.o
                0x0000000008003f22                xTaskCreate
 .text.prvInitialiseNewTask
                0x0000000008003fac      0x10c Middlewares/Third_Party/FreeRTOS/Source/tasks.o
 .text.prvAddNewTaskToReadyList
                0x00000000080040b8       0xd4 Middlewares/Third_Party/FreeRTOS/Source/tasks.o
 .text.vTaskStartScheduler
                0x000000000800418c       0xbc Middlewares/Third_Party/FreeRTOS/Source/tasks.o
                0x000000000800418c                vTaskStartScheduler
 .text.vTaskSuspendAll
                0x0000000008004248       0x1c Middlewares/Third_Party/FreeRTOS/Source/tasks.o
                0x0000000008004248                vTaskSuspendAll
 .text.xTaskResumeAll
                0x0000000008004264      0x138 Middlewares/Third_Party/FreeRTOS/Source/tasks.o
                0x0000000008004264                xTaskResumeAll
 .text.xTaskIncrementTick
                0x000000000800439c      0x170 Middlewares/Third_Party/FreeRTOS/Source/tasks.o
                0x000000000800439c                xTaskIncrementTick
 .text.vTaskSwitchContext
                0x000000000800450c       0xb4 Middlewares/Third_Party/FreeRTOS/Source/tasks.o
                0x000000000800450c                vTaskSwitchContext
 .text.vTaskPlaceOnEventList
                0x00000000080045c0       0x48 Middlewares/Third_Party/FreeRTOS/Source/tasks.o
                0x00000000080045c0                vTaskPlaceOnEventList
 .text.xTaskRemoveFromEventList
                0x0000000008004608       0xc4 Middlewares/Third_Party/FreeRTOS/Source/tasks.o
                0x0000000008004608                xTaskRemoveFromEventList
 .text.vTaskInternalSetTimeOutState
                0x00000000080046cc       0x2c Middlewares/Third_Party/FreeRTOS/Source/tasks.o
                0x00000000080046cc                vTaskInternalSetTimeOutState
 .text.xTaskCheckForTimeOut
                0x00000000080046f8       0xc0 Middlewares/Third_Party/FreeRTOS/Source/tasks.o
                0x00000000080046f8                xTaskCheckForTimeOut
 .text.vTaskMissedYield
                0x00000000080047b8       0x18 Middlewares/Third_Party/FreeRTOS/Source/tasks.o
                0x00000000080047b8                vTaskMissedYield
 .text.prvIdleTask
                0x00000000080047d0       0x30 Middlewares/Third_Party/FreeRTOS/Source/tasks.o
 .text.prvInitialiseTaskLists
                0x0000000008004800       0x80 Middlewares/Third_Party/FreeRTOS/Source/tasks.o
 .text.prvCheckTasksWaitingTermination
                0x0000000008004880       0x58 Middlewares/Third_Party/FreeRTOS/Source/tasks.o
 .text.prvDeleteTCB
                0x00000000080048d8       0x5c Middlewares/Third_Party/FreeRTOS/Source/tasks.o
 .text.prvResetNextTaskUnblockTime
                0x0000000008004934       0x40 Middlewares/Third_Party/FreeRTOS/Source/tasks.o
 .text.xTaskGetSchedulerState
                0x0000000008004974       0x3c Middlewares/Third_Party/FreeRTOS/Source/tasks.o
                0x0000000008004974                xTaskGetSchedulerState
 .text.xTaskPriorityDisinherit
                0x00000000080049b0      0x108 Middlewares/Third_Party/FreeRTOS/Source/tasks.o
                0x00000000080049b0                xTaskPriorityDisinherit
 .text.prvAddCurrentTaskToDelayedList
                0x0000000008004ab8       0xcc Middlewares/Third_Party/FreeRTOS/Source/tasks.o
 .text.pxPortInitialiseStack
                0x0000000008004b84       0x68 Middlewares/Third_Party/FreeRTOS/Source/portable/GCC/ARM_CM4F/port.o
                0x0000000008004b84                pxPortInitialiseStack
 .text.prvTaskExitError
                0x0000000008004bec       0x54 Middlewares/Third_Party/FreeRTOS/Source/portable/GCC/ARM_CM4F/port.o
 .text.SVC_Handler
                0x0000000008004c40       0x28 Middlewares/Third_Party/FreeRTOS/Source/portable/GCC/ARM_CM4F/port.o
                0x0000000008004c40                SVC_Handler
 .text.prvPortStartFirstTask
                0x0000000008004c68       0x28 Middlewares/Third_Party/FreeRTOS/Source/portable/GCC/ARM_CM4F/port.o
 .text.xPortStartScheduler
                0x0000000008004c90      0x13c Middlewares/Third_Party/FreeRTOS/Source/portable/GCC/ARM_CM4F/port.o
                0x0000000008004c90                xPortStartScheduler
 .text.vPortEnterCritical
                0x0000000008004dcc       0x5c Middlewares/Third_Party/FreeRTOS/Source/portable/GCC/ARM_CM4F/port.o
                0x0000000008004dcc                vPortEnterCritical
 .text.vPortExitCritical
                0x0000000008004e28       0x50 Middlewares/Third_Party/FreeRTOS/Source/portable/GCC/ARM_CM4F/port.o
                0x0000000008004e28                vPortExitCritical
 *fill*         0x0000000008004e78        0x8 
 .text.PendSV_Handler
                0x0000000008004e80       0x68 Middlewares/Third_Party/FreeRTOS/Source/portable/GCC/ARM_CM4F/port.o
                0x0000000008004e80                PendSV_Handler
 .text.SysTick_Handler
                0x0000000008004ee8       0x40 Middlewares/Third_Party/FreeRTOS/Source/portable/GCC/ARM_CM4F/port.o
                0x0000000008004ee8                SysTick_Handler
 .text.vPortSetupTimerInterrupt
                0x0000000008004f28       0x48 Middlewares/Third_Party/FreeRTOS/Source/portable/GCC/ARM_CM4F/port.o
                0x0000000008004f28                vPortSetupTimerInterrupt
 .text.vPortEnableVFP
                0x0000000008004f70       0x14 Middlewares/Third_Party/FreeRTOS/Source/portable/GCC/ARM_CM4F/port.o
 .text.vPortValidateInterruptPriority
                0x0000000008004f84       0x7c Middlewares/Third_Party/FreeRTOS/Source/portable/GCC/ARM_CM4F/port.o
                0x0000000008004f84                vPortValidateInterruptPriority
 .text.pvPortMalloc
                0x0000000008005000      0x184 Middlewares/Third_Party/FreeRTOS/Source/portable/MemMang/heap_4.o
                0x0000000008005000                pvPortMalloc
 .text.vPortFree
                0x0000000008005184       0xb0 Middlewares/Third_Party/FreeRTOS/Source/portable/MemMang/heap_4.o
                0x0000000008005184                vPortFree
 .text.prvHeapInit
                0x0000000008005234       0xc4 Middlewares/Third_Party/FreeRTOS/Source/portable/MemMang/heap_4.o
 .text.prvInsertBlockIntoFreeList
                0x00000000080052f8       0xb4 Middlewares/Third_Party/FreeRTOS/Source/portable/MemMang/heap_4.o
 .text.__libc_init_array
                0x00000000080053ac       0x48 /opt/st/stm32cubeide_1.3.0_2/plugins/com.st.stm32cube.ide.mcu.externaltools.gnu-tools-for-stm32.7-2018-q2-update.linux64_1.0.0.201904181610/tools/bin/../lib/gcc/arm-none-eabi/7.3.1/../../../../arm-none-eabi/lib/thumb/v7e-m/fpv4-sp/hard/libc_nano.a(lib_a-init.o)
                0x00000000080053ac                __libc_init_array
 .text.memcpy   0x00000000080053f4       0x16 /opt/st/stm32cubeide_1.3.0_2/plugins/com.st.stm32cube.ide.mcu.externaltools.gnu-tools-for-stm32.7-2018-q2-update.linux64_1.0.0.201904181610/tools/bin/../lib/gcc/arm-none-eabi/7.3.1/../../../../arm-none-eabi/lib/thumb/v7e-m/fpv4-sp/hard/libc_nano.a(lib_a-memcpy-stub.o)
                0x00000000080053f4                memcpy
 .text.memset   0x000000000800540a       0x10 /opt/st/stm32cubeide_1.3.0_2/plugins/com.st.stm32cube.ide.mcu.externaltools.gnu-tools-for-stm32.7-2018-q2-update.linux64_1.0.0.201904181610/tools/bin/../lib/gcc/arm-none-eabi/7.3.1/../../../../arm-none-eabi/lib/thumb/v7e-m/fpv4-sp/hard/libc_nano.a(lib_a-memset.o)
                0x000000000800540a                memset
 *(.glue_7)
 .glue_7        0x000000000800541a        0x0 linker stubs
 *(.glue_7t)
 .glue_7t       0x000000000800541a        0x0 linker stubs
 *(.eh_frame)
 *fill*         0x000000000800541a        0x2 
 .eh_frame      0x000000000800541c        0x0 /opt/st/stm32cubeide_1.3.0_2/plugins/com.st.stm32cube.ide.mcu.externaltools.gnu-tools-for-stm32.7-2018-q2-update.linux64_1.0.0.201904181610/tools/bin/../lib/gcc/arm-none-eabi/7.3.1/thumb/v7e-m/fpv4-sp/hard/crtbegin.o
 *(.init)
 .init          0x000000000800541c        0x4 /opt/st/stm32cubeide_1.3.0_2/plugins/com.st.stm32cube.ide.mcu.externaltools.gnu-tools-for-stm32.7-2018-q2-update.linux64_1.0.0.201904181610/tools/bin/../lib/gcc/arm-none-eabi/7.3.1/thumb/v7e-m/fpv4-sp/hard/crti.o
                0x000000000800541c                _init
 .init          0x0000000008005420        0x8 /opt/st/stm32cubeide_1.3.0_2/plugins/com.st.stm32cube.ide.mcu.externaltools.gnu-tools-for-stm32.7-2018-q2-update.linux64_1.0.0.201904181610/tools/bin/../lib/gcc/arm-none-eabi/7.3.1/thumb/v7e-m/fpv4-sp/hard/crtn.o
 *(.fini)
 .fini          0x0000000008005428        0x4 /opt/st/stm32cubeide_1.3.0_2/plugins/com.st.stm32cube.ide.mcu.externaltools.gnu-tools-for-stm32.7-2018-q2-update.linux64_1.0.0.201904181610/tools/bin/../lib/gcc/arm-none-eabi/7.3.1/thumb/v7e-m/fpv4-sp/hard/crti.o
                0x0000000008005428                _fini
 .fini          0x000000000800542c        0x8 /opt/st/stm32cubeide_1.3.0_2/plugins/com.st.stm32cube.ide.mcu.externaltools.gnu-tools-for-stm32.7-2018-q2-update.linux64_1.0.0.201904181610/tools/bin/../lib/gcc/arm-none-eabi/7.3.1/thumb/v7e-m/fpv4-sp/hard/crtn.o
                0x0000000008005434                . = ALIGN (0x4)
                0x0000000008005434                _etext = .

.vfp11_veneer   0x0000000008005434        0x0
 .vfp11_veneer  0x0000000008005434        0x0 linker stubs

.v4_bx          0x0000000008005434        0x0
 .v4_bx         0x0000000008005434        0x0 linker stubs

.iplt           0x0000000008005434        0x0
 .iplt          0x0000000008005434        0x0 /opt/st/stm32cubeide_1.3.0_2/plugins/com.st.stm32cube.ide.mcu.externaltools.gnu-tools-for-stm32.7-2018-q2-update.linux64_1.0.0.201904181610/tools/bin/../lib/gcc/arm-none-eabi/7.3.1/thumb/v7e-m/fpv4-sp/hard/crtbegin.o

.rodata         0x0000000008005434       0x80
                0x0000000008005434                . = ALIGN (0x4)
 *(.rodata)
 .rodata        0x0000000008005434       0x60 Core/Src/main.o
 .rodata        0x0000000008005494        0x5 Middlewares/Third_Party/FreeRTOS/Source/tasks.o
 *(.rodata*)
 *fill*         0x0000000008005499        0x3 
 .rodata.AHBPrescTable
                0x000000000800549c       0x10 Core/Src/system_stm32f4xx.o
                0x000000000800549c                AHBPrescTable
 .rodata.APBPrescTable
                0x00000000080054ac        0x8 Core/Src/system_stm32f4xx.o
                0x00000000080054ac                APBPrescTable
                0x00000000080054b4                . = ALIGN (0x4)

.ARM.extab      0x00000000080054b4        0x0
                0x00000000080054b4                . = ALIGN (0x4)
 *(.ARM.extab* .gnu.linkonce.armextab.*)
                0x00000000080054b4                . = ALIGN (0x4)

.ARM            0x00000000080054b4        0x8
                0x00000000080054b4                . = ALIGN (0x4)
                0x00000000080054b4                __exidx_start = .
 *(.ARM.exidx*)
 .ARM.exidx     0x00000000080054b4        0x8 /opt/st/stm32cubeide_1.3.0_2/plugins/com.st.stm32cube.ide.mcu.externaltools.gnu-tools-for-stm32.7-2018-q2-update.linux64_1.0.0.201904181610/tools/bin/../lib/gcc/arm-none-eabi/7.3.1/thumb/v7e-m/fpv4-sp/hard/libgcc.a(_udivmoddi4.o)
                0x00000000080054bc                __exidx_end = .
                0x00000000080054bc                . = ALIGN (0x4)

.rel.dyn        0x00000000080054bc        0x0
 .rel.iplt      0x00000000080054bc        0x0 /opt/st/stm32cubeide_1.3.0_2/plugins/com.st.stm32cube.ide.mcu.externaltools.gnu-tools-for-stm32.7-2018-q2-update.linux64_1.0.0.201904181610/tools/bin/../lib/gcc/arm-none-eabi/7.3.1/thumb/v7e-m/fpv4-sp/hard/crtbegin.o

.preinit_array  0x00000000080054bc        0x0
                0x00000000080054bc                . = ALIGN (0x4)
                0x00000000080054bc                PROVIDE (__preinit_array_start = .)
 *(.preinit_array*)
                0x00000000080054bc                PROVIDE (__preinit_array_end = .)
                0x00000000080054bc                . = ALIGN (0x4)

.init_array     0x00000000080054bc        0x4
                0x00000000080054bc                . = ALIGN (0x4)
                0x00000000080054bc                PROVIDE (__init_array_start = .)
 *(SORT_BY_NAME(.init_array.*))
 *(.init_array*)
 .init_array    0x00000000080054bc        0x4 /opt/st/stm32cubeide_1.3.0_2/plugins/com.st.stm32cube.ide.mcu.externaltools.gnu-tools-for-stm32.7-2018-q2-update.linux64_1.0.0.201904181610/tools/bin/../lib/gcc/arm-none-eabi/7.3.1/thumb/v7e-m/fpv4-sp/hard/crtbegin.o
                0x00000000080054c0                PROVIDE (__init_array_end = .)
                0x00000000080054c0                . = ALIGN (0x4)

.fini_array     0x00000000080054c0        0x4
                0x00000000080054c0                . = ALIGN (0x4)
                [!provide]                        PROVIDE (__fini_array_start = .)
 *(SORT_BY_NAME(.fini_array.*))
 *(.fini_array*)
 .fini_array    0x00000000080054c0        0x4 /opt/st/stm32cubeide_1.3.0_2/plugins/com.st.stm32cube.ide.mcu.externaltools.gnu-tools-for-stm32.7-2018-q2-update.linux64_1.0.0.201904181610/tools/bin/../lib/gcc/arm-none-eabi/7.3.1/thumb/v7e-m/fpv4-sp/hard/crtbegin.o
                [!provide]                        PROVIDE (__fini_array_end = .)
                0x00000000080054c4                . = ALIGN (0x4)
                0x00000000080054c4                _sidata = LOADADDR (.data)

.data           0x0000000020000000       0x10 load address 0x00000000080054c4
                0x0000000020000000                . = ALIGN (0x4)
                0x0000000020000000                _sdata = .
 *(.data)
 *(.data*)
 .data.SystemCoreClock
                0x0000000020000000        0x4 Core/Src/system_stm32f4xx.o
                0x0000000020000000                SystemCoreClock
 .data.uwTickPrio
                0x0000000020000004        0x4 Drivers/STM32F4xx_HAL_Driver/Src/stm32f4xx_hal.o
                0x0000000020000004                uwTickPrio
 .data.uwTickFreq
                0x0000000020000008        0x1 Drivers/STM32F4xx_HAL_Driver/Src/stm32f4xx_hal.o
                0x0000000020000008                uwTickFreq
 *fill*         0x0000000020000009        0x3 
 .data.uxCriticalNesting
                0x000000002000000c        0x4 Middlewares/Third_Party/FreeRTOS/Source/portable/GCC/ARM_CM4F/port.o
                0x0000000020000010                . = ALIGN (0x4)
                0x0000000020000010                _edata = .

.igot.plt       0x0000000020000010        0x0 load address 0x00000000080054d4
 .igot.plt      0x0000000020000010        0x0 /opt/st/stm32cubeide_1.3.0_2/plugins/com.st.stm32cube.ide.mcu.externaltools.gnu-tools-for-stm32.7-2018-q2-update.linux64_1.0.0.201904181610/tools/bin/../lib/gcc/arm-none-eabi/7.3.1/thumb/v7e-m/fpv4-sp/hard/crtbegin.o
                0x0000000020000010                . = ALIGN (0x4)

.bss            0x0000000020000010     0x4098 load address 0x00000000080054d4
                0x0000000020000010                _sbss = .
                0x0000000020000010                __bss_start__ = _sbss
 *(.bss)
 .bss           0x0000000020000010       0x1c /opt/st/stm32cubeide_1.3.0_2/plugins/com.st.stm32cube.ide.mcu.externaltools.gnu-tools-for-stm32.7-2018-q2-update.linux64_1.0.0.201904181610/tools/bin/../lib/gcc/arm-none-eabi/7.3.1/thumb/v7e-m/fpv4-sp/hard/crtbegin.o
 *(.bss*)
 .bss.xIdleTaskTCBBuffer
                0x000000002000002c       0x54 Core/Src/freertos.o
 .bss.xIdleStack
                0x0000000020000080      0x200 Core/Src/freertos.o
 .bss.pxCurrentTCB
                0x0000000020000280        0x4 Middlewares/Third_Party/FreeRTOS/Source/tasks.o
                0x0000000020000280                pxCurrentTCB
 .bss.pxReadyTasksLists
                0x0000000020000284       0x8c Middlewares/Third_Party/FreeRTOS/Source/tasks.o
 .bss.xDelayedTaskList1
                0x0000000020000310       0x14 Middlewares/Third_Party/FreeRTOS/Source/tasks.o
 .bss.xDelayedTaskList2
                0x0000000020000324       0x14 Middlewares/Third_Party/FreeRTOS/Source/tasks.o
 .bss.pxDelayedTaskList
                0x0000000020000338        0x4 Middlewares/Third_Party/FreeRTOS/Source/tasks.o
 .bss.pxOverflowDelayedTaskList
                0x000000002000033c        0x4 Middlewares/Third_Party/FreeRTOS/Source/tasks.o
 .bss.xPendingReadyList
                0x0000000020000340       0x14 Middlewares/Third_Party/FreeRTOS/Source/tasks.o
 .bss.xTasksWaitingTermination
                0x0000000020000354       0x14 Middlewares/Third_Party/FreeRTOS/Source/tasks.o
 .bss.uxDeletedTasksWaitingCleanUp
                0x0000000020000368        0x4 Middlewares/Third_Party/FreeRTOS/Source/tasks.o
 .bss.xSuspendedTaskList
                0x000000002000036c       0x14 Middlewares/Third_Party/FreeRTOS/Source/tasks.o
 .bss.uxCurrentNumberOfTasks
                0x0000000020000380        0x4 Middlewares/Third_Party/FreeRTOS/Source/tasks.o
 .bss.xTickCount
                0x0000000020000384        0x4 Middlewares/Third_Party/FreeRTOS/Source/tasks.o
 .bss.uxTopReadyPriority
                0x0000000020000388        0x4 Middlewares/Third_Party/FreeRTOS/Source/tasks.o
 .bss.xSchedulerRunning
                0x000000002000038c        0x4 Middlewares/Third_Party/FreeRTOS/Source/tasks.o
 .bss.uxPendedTicks
                0x0000000020000390        0x4 Middlewares/Third_Party/FreeRTOS/Source/tasks.o
 .bss.xYieldPending
                0x0000000020000394        0x4 Middlewares/Third_Party/FreeRTOS/Source/tasks.o
 .bss.xNumOfOverflows
                0x0000000020000398        0x4 Middlewares/Third_Party/FreeRTOS/Source/tasks.o
 .bss.uxTaskNumber
                0x000000002000039c        0x4 Middlewares/Third_Party/FreeRTOS/Source/tasks.o
 .bss.xNextTaskUnblockTime
                0x00000000200003a0        0x4 Middlewares/Third_Party/FreeRTOS/Source/tasks.o
 .bss.xIdleTaskHandle
                0x00000000200003a4        0x4 Middlewares/Third_Party/FreeRTOS/Source/tasks.o
 .bss.uxSchedulerSuspended
                0x00000000200003a8        0x4 Middlewares/Third_Party/FreeRTOS/Source/tasks.o
 .bss.ucMaxSysCallPriority
                0x00000000200003ac        0x1 Middlewares/Third_Party/FreeRTOS/Source/portable/GCC/ARM_CM4F/port.o
 *fill*         0x00000000200003ad        0x3 
 .bss.ulMaxPRIGROUPValue
                0x00000000200003b0        0x4 Middlewares/Third_Party/FreeRTOS/Source/portable/GCC/ARM_CM4F/port.o
 .bss.ucHeap    0x00000000200003b4     0x3c00 Middlewares/Third_Party/FreeRTOS/Source/portable/MemMang/heap_4.o
 .bss.xStart    0x0000000020003fb4        0x8 Middlewares/Third_Party/FreeRTOS/Source/portable/MemMang/heap_4.o
 .bss.pxEnd     0x0000000020003fbc        0x4 Middlewares/Third_Party/FreeRTOS/Source/portable/MemMang/heap_4.o
 .bss.xFreeBytesRemaining
                0x0000000020003fc0        0x4 Middlewares/Third_Party/FreeRTOS/Source/portable/MemMang/heap_4.o
 .bss.xMinimumEverFreeBytesRemaining
                0x0000000020003fc4        0x4 Middlewares/Third_Party/FreeRTOS/Source/portable/MemMang/heap_4.o
 .bss.xBlockAllocatedBit
                0x0000000020003fc8        0x4 Middlewares/Third_Party/FreeRTOS/Source/portable/MemMang/heap_4.o
 *(COMMON)
 COMMON         0x0000000020003fcc       0x98 Core/Src/main.o
                0x0000000020003fcc                UART2_TaskHandler
                0x0000000020003fd0                UART1_TX_Buffer
                0x0000000020003fd1                UART2_TX_Buffer
                0x0000000020003fd4                UART1_TaskHandler
                0x0000000020003fd8                huart1
                0x0000000020004018                UART1_RX_Buffer
                0x0000000020004019                UART2_RX_Buffer
                0x000000002000401c                huart2
                0x000000002000405c                UART2_Queue
                0x0000000020004060                UART1_Queue
 COMMON         0x0000000020004064       0x40 Core/Src/stm32f4xx_hal_timebase_tim.o
                0x0000000020004064                htim6
 COMMON         0x00000000200040a4        0x4 Drivers/STM32F4xx_HAL_Driver/Src/stm32f4xx_hal.o
                0x00000000200040a4                uwTick
                0x00000000200040a8                . = ALIGN (0x4)
                0x00000000200040a8                _ebss = .
                0x00000000200040a8                __bss_end__ = _ebss

._user_heap_stack
                0x00000000200040a8      0x600 load address 0x00000000080054d4
                0x00000000200040a8                . = ALIGN (0x8)
                0x00000000200040a8                PROVIDE (end = .)
                [!provide]                        PROVIDE (_end = .)
                0x00000000200042a8                . = (. + _Min_Heap_Size)
 *fill*         0x00000000200040a8      0x200 
                0x00000000200046a8                . = (. + _Min_Stack_Size)
 *fill*         0x00000000200042a8      0x400 
                0x00000000200046a8                . = ALIGN (0x8)

/DISCARD/
 libc.a(*)
 libm.a(*)
 libgcc.a(*)

.ARM.attributes
                0x0000000000000000       0x30
 *(.ARM.attributes)
 .ARM.attributes
                0x0000000000000000       0x22 /opt/st/stm32cubeide_1.3.0_2/plugins/com.st.stm32cube.ide.mcu.externaltools.gnu-tools-for-stm32.7-2018-q2-update.linux64_1.0.0.201904181610/tools/bin/../lib/gcc/arm-none-eabi/7.3.1/thumb/v7e-m/fpv4-sp/hard/crti.o
 .ARM.attributes
                0x0000000000000022       0x34 /opt/st/stm32cubeide_1.3.0_2/plugins/com.st.stm32cube.ide.mcu.externaltools.gnu-tools-for-stm32.7-2018-q2-update.linux64_1.0.0.201904181610/tools/bin/../lib/gcc/arm-none-eabi/7.3.1/thumb/v7e-m/fpv4-sp/hard/crtbegin.o
 .ARM.attributes
                0x0000000000000056       0x39 Core/Src/freertos.o
 .ARM.attributes
                0x000000000000008f       0x39 Core/Src/main.o
 .ARM.attributes
                0x00000000000000c8       0x39 Core/Src/mytasks.o
 .ARM.attributes
                0x0000000000000101       0x39 Core/Src/stm32f4xx_hal_msp.o
 .ARM.attributes
                0x000000000000013a       0x39 Core/Src/stm32f4xx_hal_timebase_tim.o
 .ARM.attributes
                0x0000000000000173       0x39 Core/Src/stm32f4xx_it.o
 .ARM.attributes
                0x00000000000001ac       0x39 Core/Src/system_stm32f4xx.o
 .ARM.attributes
                0x00000000000001e5       0x21 Core/Startup/startup_stm32f446retx.o
 .ARM.attributes
                0x0000000000000206       0x39 Drivers/STM32F4xx_HAL_Driver/Src/stm32f4xx_hal.o
 .ARM.attributes
                0x000000000000023f       0x39 Drivers/STM32F4xx_HAL_Driver/Src/stm32f4xx_hal_cortex.o
 .ARM.attributes
                0x0000000000000278       0x39 Drivers/STM32F4xx_HAL_Driver/Src/stm32f4xx_hal_dma.o
 .ARM.attributes
                0x00000000000002b1       0x39 Drivers/STM32F4xx_HAL_Driver/Src/stm32f4xx_hal_gpio.o
 .ARM.attributes
                0x00000000000002ea       0x39 Drivers/STM32F4xx_HAL_Driver/Src/stm32f4xx_hal_pwr_ex.o
 .ARM.attributes
                0x0000000000000323       0x39 Drivers/STM32F4xx_HAL_Driver/Src/stm32f4xx_hal_rcc.o
 .ARM.attributes
                0x000000000000035c       0x39 Drivers/STM32F4xx_HAL_Driver/Src/stm32f4xx_hal_rcc_ex.o
 .ARM.attributes
                0x0000000000000395       0x39 Drivers/STM32F4xx_HAL_Driver/Src/stm32f4xx_hal_tim.o
 .ARM.attributes
                0x00000000000003ce       0x39 Drivers/STM32F4xx_HAL_Driver/Src/stm32f4xx_hal_tim_ex.o
 .ARM.attributes
                0x0000000000000407       0x39 Drivers/STM32F4xx_HAL_Driver/Src/stm32f4xx_hal_uart.o
 .ARM.attributes
                0x0000000000000440       0x39 Middlewares/Third_Party/FreeRTOS/Source/CMSIS_RTOS/cmsis_os.o
 .ARM.attributes
                0x0000000000000479       0x39 Middlewares/Third_Party/FreeRTOS/Source/list.o
 .ARM.attributes
                0x00000000000004b2       0x39 Middlewares/Third_Party/FreeRTOS/Source/queue.o
 .ARM.attributes
                0x00000000000004eb       0x39 Middlewares/Third_Party/FreeRTOS/Source/tasks.o
 .ARM.attributes
                0x0000000000000524       0x39 Middlewares/Third_Party/FreeRTOS/Source/portable/GCC/ARM_CM4F/port.o
 .ARM.attributes
                0x000000000000055d       0x39 Middlewares/Third_Party/FreeRTOS/Source/portable/MemMang/heap_4.o
 .ARM.attributes
                0x0000000000000596       0x34 /opt/st/stm32cubeide_1.3.0_2/plugins/com.st.stm32cube.ide.mcu.externaltools.gnu-tools-for-stm32.7-2018-q2-update.linux64_1.0.0.201904181610/tools/bin/../lib/gcc/arm-none-eabi/7.3.1/../../../../arm-none-eabi/lib/thumb/v7e-m/fpv4-sp/hard/libc_nano.a(lib_a-init.o)
 .ARM.attributes
                0x00000000000005ca       0x34 /opt/st/stm32cubeide_1.3.0_2/plugins/com.st.stm32cube.ide.mcu.externaltools.gnu-tools-for-stm32.7-2018-q2-update.linux64_1.0.0.201904181610/tools/bin/../lib/gcc/arm-none-eabi/7.3.1/../../../../arm-none-eabi/lib/thumb/v7e-m/fpv4-sp/hard/libc_nano.a(lib_a-memcpy-stub.o)
 .ARM.attributes
                0x00000000000005fe       0x34 /opt/st/stm32cubeide_1.3.0_2/plugins/com.st.stm32cube.ide.mcu.externaltools.gnu-tools-for-stm32.7-2018-q2-update.linux64_1.0.0.201904181610/tools/bin/../lib/gcc/arm-none-eabi/7.3.1/../../../../arm-none-eabi/lib/thumb/v7e-m/fpv4-sp/hard/libc_nano.a(lib_a-memset.o)
 .ARM.attributes
                0x0000000000000632       0x22 /opt/st/stm32cubeide_1.3.0_2/plugins/com.st.stm32cube.ide.mcu.externaltools.gnu-tools-for-stm32.7-2018-q2-update.linux64_1.0.0.201904181610/tools/bin/../lib/gcc/arm-none-eabi/7.3.1/thumb/v7e-m/fpv4-sp/hard/libgcc.a(_aeabi_uldivmod.o)
 .ARM.attributes
                0x0000000000000654       0x34 /opt/st/stm32cubeide_1.3.0_2/plugins/com.st.stm32cube.ide.mcu.externaltools.gnu-tools-for-stm32.7-2018-q2-update.linux64_1.0.0.201904181610/tools/bin/../lib/gcc/arm-none-eabi/7.3.1/thumb/v7e-m/fpv4-sp/hard/libgcc.a(_udivmoddi4.o)
 .ARM.attributes
                0x0000000000000688       0x22 /opt/st/stm32cubeide_1.3.0_2/plugins/com.st.stm32cube.ide.mcu.externaltools.gnu-tools-for-stm32.7-2018-q2-update.linux64_1.0.0.201904181610/tools/bin/../lib/gcc/arm-none-eabi/7.3.1/thumb/v7e-m/fpv4-sp/hard/libgcc.a(_dvmd_tls.o)
 .ARM.attributes
                0x00000000000006aa       0x22 /opt/st/stm32cubeide_1.3.0_2/plugins/com.st.stm32cube.ide.mcu.externaltools.gnu-tools-for-stm32.7-2018-q2-update.linux64_1.0.0.201904181610/tools/bin/../lib/gcc/arm-none-eabi/7.3.1/thumb/v7e-m/fpv4-sp/hard/crtn.o
OUTPUT(MQTT_ESP.elf elf32-littlearm)

.debug_info     0x0000000000000000    0x14fc8
 .debug_info    0x0000000000000000      0x344 Core/Src/freertos.o
 .debug_info    0x0000000000000344     0x13d1 Core/Src/main.o
 .debug_info    0x0000000000001715      0x7be Core/Src/mytasks.o
 .debug_info    0x0000000000001ed3      0xbef Core/Src/stm32f4xx_hal_msp.o
 .debug_info    0x0000000000002ac2      0xb7f Core/Src/stm32f4xx_hal_timebase_tim.o
 .debug_info    0x0000000000003641      0x903 Core/Src/stm32f4xx_it.o
 .debug_info    0x0000000000003f44      0x588 Core/Src/system_stm32f4xx.o
 .debug_info    0x00000000000044cc       0x22 Core/Startup/startup_stm32f446retx.o
 .debug_info    0x00000000000044ee      0x997 Drivers/STM32F4xx_HAL_Driver/Src/stm32f4xx_hal.o
 .debug_info    0x0000000000004e85      0xe46 Drivers/STM32F4xx_HAL_Driver/Src/stm32f4xx_hal_cortex.o
 .debug_info    0x0000000000005ccb      0x968 Drivers/STM32F4xx_HAL_Driver/Src/stm32f4xx_hal_dma.o
 .debug_info    0x0000000000006633      0x803 Drivers/STM32F4xx_HAL_Driver/Src/stm32f4xx_hal_gpio.o
 .debug_info    0x0000000000006e36      0x761 Drivers/STM32F4xx_HAL_Driver/Src/stm32f4xx_hal_pwr_ex.o
 .debug_info    0x0000000000007597      0x944 Drivers/STM32F4xx_HAL_Driver/Src/stm32f4xx_hal_rcc.o
 .debug_info    0x0000000000007edb      0x9d5 Drivers/STM32F4xx_HAL_Driver/Src/stm32f4xx_hal_rcc_ex.o
 .debug_info    0x00000000000088b0     0x24a9 Drivers/STM32F4xx_HAL_Driver/Src/stm32f4xx_hal_tim.o
 .debug_info    0x000000000000ad59     0x1157 Drivers/STM32F4xx_HAL_Driver/Src/stm32f4xx_hal_tim_ex.o
 .debug_info    0x000000000000beb0     0x124c Drivers/STM32F4xx_HAL_Driver/Src/stm32f4xx_hal_uart.o
 .debug_info    0x000000000000d0fc     0x1e7e Middlewares/Third_Party/FreeRTOS/Source/CMSIS_RTOS/cmsis_os.o
 .debug_info    0x000000000000ef7a      0xacb Middlewares/Third_Party/FreeRTOS/Source/list.o
 .debug_info    0x000000000000fa45     0x1fd2 Middlewares/Third_Party/FreeRTOS/Source/queue.o
 .debug_info    0x0000000000011a17     0x2494 Middlewares/Third_Party/FreeRTOS/Source/tasks.o
 .debug_info    0x0000000000013eab      0x533 Middlewares/Third_Party/FreeRTOS/Source/portable/GCC/ARM_CM4F/port.o
 .debug_info    0x00000000000143de      0xbea Middlewares/Third_Party/FreeRTOS/Source/portable/MemMang/heap_4.o

.debug_abbrev   0x0000000000000000     0x305b
 .debug_abbrev  0x0000000000000000      0x109 Core/Src/freertos.o
 .debug_abbrev  0x0000000000000109      0x282 Core/Src/main.o
 .debug_abbrev  0x000000000000038b      0x1a7 Core/Src/mytasks.o
 .debug_abbrev  0x0000000000000532      0x195 Core/Src/stm32f4xx_hal_msp.o
 .debug_abbrev  0x00000000000006c7      0x19d Core/Src/stm32f4xx_hal_timebase_tim.o
 .debug_abbrev  0x0000000000000864      0x15a Core/Src/stm32f4xx_it.o
 .debug_abbrev  0x00000000000009be      0x12b Core/Src/system_stm32f4xx.o
 .debug_abbrev  0x0000000000000ae9       0x12 Core/Startup/startup_stm32f446retx.o
 .debug_abbrev  0x0000000000000afb      0x1c7 Drivers/STM32F4xx_HAL_Driver/Src/stm32f4xx_hal.o
 .debug_abbrev  0x0000000000000cc2      0x2fa Drivers/STM32F4xx_HAL_Driver/Src/stm32f4xx_hal_cortex.o
 .debug_abbrev  0x0000000000000fbc      0x229 Drivers/STM32F4xx_HAL_Driver/Src/stm32f4xx_hal_dma.o
 .debug_abbrev  0x00000000000011e5      0x1c9 Drivers/STM32F4xx_HAL_Driver/Src/stm32f4xx_hal_gpio.o
 .debug_abbrev  0x00000000000013ae      0x1b8 Drivers/STM32F4xx_HAL_Driver/Src/stm32f4xx_hal_pwr_ex.o
 .debug_abbrev  0x0000000000001566      0x245 Drivers/STM32F4xx_HAL_Driver/Src/stm32f4xx_hal_rcc.o
 .debug_abbrev  0x00000000000017ab      0x1bc Drivers/STM32F4xx_HAL_Driver/Src/stm32f4xx_hal_rcc_ex.o
 .debug_abbrev  0x0000000000001967      0x230 Drivers/STM32F4xx_HAL_Driver/Src/stm32f4xx_hal_tim.o
 .debug_abbrev  0x0000000000001b97      0x21e Drivers/STM32F4xx_HAL_Driver/Src/stm32f4xx_hal_tim_ex.o
 .debug_abbrev  0x0000000000001db5      0x242 Drivers/STM32F4xx_HAL_Driver/Src/stm32f4xx_hal_uart.o
 .debug_abbrev  0x0000000000001ff7      0x379 Middlewares/Third_Party/FreeRTOS/Source/CMSIS_RTOS/cmsis_os.o
 .debug_abbrev  0x0000000000002370      0x1cf Middlewares/Third_Party/FreeRTOS/Source/list.o
 .debug_abbrev  0x000000000000253f      0x336 Middlewares/Third_Party/FreeRTOS/Source/queue.o
 .debug_abbrev  0x0000000000002875      0x338 Middlewares/Third_Party/FreeRTOS/Source/tasks.o
 .debug_abbrev  0x0000000000002bad      0x210 Middlewares/Third_Party/FreeRTOS/Source/portable/GCC/ARM_CM4F/port.o
 .debug_abbrev  0x0000000000002dbd      0x29e Middlewares/Third_Party/FreeRTOS/Source/portable/MemMang/heap_4.o

.debug_aranges  0x0000000000000000     0x1268
 .debug_aranges
                0x0000000000000000       0x20 Core/Src/freertos.o
 .debug_aranges
                0x0000000000000020       0x60 Core/Src/main.o
 .debug_aranges
                0x0000000000000080       0x28 Core/Src/mytasks.o
 .debug_aranges
                0x00000000000000a8       0x30 Core/Src/stm32f4xx_hal_msp.o
 .debug_aranges
                0x00000000000000d8       0x30 Core/Src/stm32f4xx_hal_timebase_tim.o
 .debug_aranges
                0x0000000000000108       0x60 Core/Src/stm32f4xx_it.o
 .debug_aranges
                0x0000000000000168       0x28 Core/Src/system_stm32f4xx.o
 .debug_aranges
                0x0000000000000190       0x28 Core/Startup/startup_stm32f446retx.o
 .debug_aranges
                0x00000000000001b8       0xf0 Drivers/STM32F4xx_HAL_Driver/Src/stm32f4xx_hal.o
 .debug_aranges
                0x00000000000002a8      0x118 Drivers/STM32F4xx_HAL_Driver/Src/stm32f4xx_hal_cortex.o
 .debug_aranges
                0x00000000000003c0       0x90 Drivers/STM32F4xx_HAL_Driver/Src/stm32f4xx_hal_dma.o
 .debug_aranges
                0x0000000000000450       0x58 Drivers/STM32F4xx_HAL_Driver/Src/stm32f4xx_hal_gpio.o
 .debug_aranges
                0x00000000000004a8       0x60 Drivers/STM32F4xx_HAL_Driver/Src/stm32f4xx_hal_pwr_ex.o
 .debug_aranges
                0x0000000000000508       0x88 Drivers/STM32F4xx_HAL_Driver/Src/stm32f4xx_hal_rcc.o
 .debug_aranges
                0x0000000000000590       0x78 Drivers/STM32F4xx_HAL_Driver/Src/stm32f4xx_hal_rcc_ex.o
 .debug_aranges
                0x0000000000000608      0x3a8 Drivers/STM32F4xx_HAL_Driver/Src/stm32f4xx_hal_tim.o
 .debug_aranges
                0x00000000000009b0      0x150 Drivers/STM32F4xx_HAL_Driver/Src/stm32f4xx_hal_tim_ex.o
 .debug_aranges
                0x0000000000000b00      0x1d0 Drivers/STM32F4xx_HAL_Driver/Src/stm32f4xx_hal_uart.o
 .debug_aranges
                0x0000000000000cd0      0x1d8 Middlewares/Third_Party/FreeRTOS/Source/CMSIS_RTOS/cmsis_os.o
 .debug_aranges
                0x0000000000000ea8       0x40 Middlewares/Third_Party/FreeRTOS/Source/list.o
 .debug_aranges
                0x0000000000000ee8      0x108 Middlewares/Third_Party/FreeRTOS/Source/queue.o
 .debug_aranges
                0x0000000000000ff0      0x1a8 Middlewares/Third_Party/FreeRTOS/Source/tasks.o
 .debug_aranges
                0x0000000000001198       0x80 Middlewares/Third_Party/FreeRTOS/Source/portable/GCC/ARM_CM4F/port.o
 .debug_aranges
                0x0000000000001218       0x50 Middlewares/Third_Party/FreeRTOS/Source/portable/MemMang/heap_4.o

.debug_ranges   0x0000000000000000     0x10f0
 .debug_ranges  0x0000000000000000       0x10 Core/Src/freertos.o
 .debug_ranges  0x0000000000000010       0x50 Core/Src/main.o
 .debug_ranges  0x0000000000000060       0x18 Core/Src/mytasks.o
 .debug_ranges  0x0000000000000078       0x20 Core/Src/stm32f4xx_hal_msp.o
 .debug_ranges  0x0000000000000098       0x20 Core/Src/stm32f4xx_hal_timebase_tim.o
 .debug_ranges  0x00000000000000b8       0x50 Core/Src/stm32f4xx_it.o
 .debug_ranges  0x0000000000000108       0x18 Core/Src/system_stm32f4xx.o
 .debug_ranges  0x0000000000000120       0x20 Core/Startup/startup_stm32f446retx.o
 .debug_ranges  0x0000000000000140       0xe0 Drivers/STM32F4xx_HAL_Driver/Src/stm32f4xx_hal.o
 .debug_ranges  0x0000000000000220      0x108 Drivers/STM32F4xx_HAL_Driver/Src/stm32f4xx_hal_cortex.o
 .debug_ranges  0x0000000000000328       0x80 Drivers/STM32F4xx_HAL_Driver/Src/stm32f4xx_hal_dma.o
 .debug_ranges  0x00000000000003a8       0x48 Drivers/STM32F4xx_HAL_Driver/Src/stm32f4xx_hal_gpio.o
 .debug_ranges  0x00000000000003f0       0x50 Drivers/STM32F4xx_HAL_Driver/Src/stm32f4xx_hal_pwr_ex.o
 .debug_ranges  0x0000000000000440       0x78 Drivers/STM32F4xx_HAL_Driver/Src/stm32f4xx_hal_rcc.o
 .debug_ranges  0x00000000000004b8       0x68 Drivers/STM32F4xx_HAL_Driver/Src/stm32f4xx_hal_rcc_ex.o
 .debug_ranges  0x0000000000000520      0x398 Drivers/STM32F4xx_HAL_Driver/Src/stm32f4xx_hal_tim.o
 .debug_ranges  0x00000000000008b8      0x140 Drivers/STM32F4xx_HAL_Driver/Src/stm32f4xx_hal_tim_ex.o
 .debug_ranges  0x00000000000009f8      0x1c0 Drivers/STM32F4xx_HAL_Driver/Src/stm32f4xx_hal_uart.o
 .debug_ranges  0x0000000000000bb8      0x1c8 Middlewares/Third_Party/FreeRTOS/Source/CMSIS_RTOS/cmsis_os.o
 .debug_ranges  0x0000000000000d80       0x30 Middlewares/Third_Party/FreeRTOS/Source/list.o
 .debug_ranges  0x0000000000000db0       0xf8 Middlewares/Third_Party/FreeRTOS/Source/queue.o
 .debug_ranges  0x0000000000000ea8      0x198 Middlewares/Third_Party/FreeRTOS/Source/tasks.o
 .debug_ranges  0x0000000000001040       0x70 Middlewares/Third_Party/FreeRTOS/Source/portable/GCC/ARM_CM4F/port.o
 .debug_ranges  0x00000000000010b0       0x40 Middlewares/Third_Party/FreeRTOS/Source/portable/MemMang/heap_4.o

.debug_macro    0x0000000000000000    0x23219
 .debug_macro   0x0000000000000000      0x245 Core/Src/freertos.o
 .debug_macro   0x0000000000000245      0xa5a Core/Src/freertos.o
 .debug_macro   0x0000000000000c9f      0x174 Core/Src/freertos.o
 .debug_macro   0x0000000000000e13       0x22 Core/Src/freertos.o
 .debug_macro   0x0000000000000e35       0x8e Core/Src/freertos.o
 .debug_macro   0x0000000000000ec3       0x51 Core/Src/freertos.o
 .debug_macro   0x0000000000000f14       0xef Core/Src/freertos.o
 .debug_macro   0x0000000000001003       0x6a Core/Src/freertos.o
 .debug_macro   0x000000000000106d      0x1df Core/Src/freertos.o
 .debug_macro   0x000000000000124c       0xea Core/Src/freertos.o
 .debug_macro   0x0000000000001336      0x15a Core/Src/freertos.o
 .debug_macro   0x0000000000001490       0xde Core/Src/freertos.o
 .debug_macro   0x000000000000156e       0x1c Core/Src/freertos.o
 .debug_macro   0x000000000000158a       0x26 Core/Src/freertos.o
 .debug_macro   0x00000000000015b0      0x4e8 Core/Src/freertos.o
 .debug_macro   0x0000000000001a98       0xb5 Core/Src/freertos.o
 .debug_macro   0x0000000000001b4d       0xaa Core/Src/freertos.o
 .debug_macro   0x0000000000001bf7      0x18a Core/Src/freertos.o
 .debug_macro   0x0000000000001d81       0x2e Core/Src/freertos.o
 .debug_macro   0x0000000000001daf       0x28 Core/Src/freertos.o
 .debug_macro   0x0000000000001dd7       0x1c Core/Src/freertos.o
 .debug_macro   0x0000000000001df3       0x22 Core/Src/freertos.o
 .debug_macro   0x0000000000001e15       0xdf Core/Src/freertos.o
 .debug_macro   0x0000000000001ef4     0x102d Core/Src/freertos.o
 .debug_macro   0x0000000000002f21      0x11f Core/Src/freertos.o
 .debug_macro   0x0000000000003040    0x1672d Core/Src/freertos.o
 .debug_macro   0x000000000001976d       0x43 Core/Src/freertos.o
 .debug_macro   0x00000000000197b0     0x3659 Core/Src/freertos.o
 .debug_macro   0x000000000001ce09       0x5a Core/Src/freertos.o
 .debug_macro   0x000000000001ce63      0xc90 Core/Src/freertos.o
 .debug_macro   0x000000000001daf3      0x9fe Core/Src/freertos.o
 .debug_macro   0x000000000001e4f1      0x16d Core/Src/freertos.o
 .debug_macro   0x000000000001e65e      0x119 Core/Src/freertos.o
 .debug_macro   0x000000000001e777      0x1a0 Core/Src/freertos.o
 .debug_macro   0x000000000001e917       0x27 Core/Src/freertos.o
 .debug_macro   0x000000000001e93e      0x287 Core/Src/freertos.o
 .debug_macro   0x000000000001ebc5       0x5f Core/Src/freertos.o
 .debug_macro   0x000000000001ec24      0x236 Core/Src/freertos.o
 .debug_macro   0x000000000001ee5a      0x132 Core/Src/freertos.o
 .debug_macro   0x000000000001ef8c      0x29c Core/Src/freertos.o
 .debug_macro   0x000000000001f228       0x2e Core/Src/freertos.o
 .debug_macro   0x000000000001f256      0x11a Core/Src/freertos.o
 .debug_macro   0x000000000001f370       0xe8 Core/Src/freertos.o
 .debug_macro   0x000000000001f458       0x89 Core/Src/freertos.o
 .debug_macro   0x000000000001f4e1      0x8a0 Core/Src/freertos.o
 .debug_macro   0x000000000001fd81       0x4d Core/Src/freertos.o
 .debug_macro   0x000000000001fdce      0x287 Core/Src/freertos.o
 .debug_macro   0x0000000000020055      0x126 Core/Src/freertos.o
 .debug_macro   0x000000000002017b       0x58 Core/Src/freertos.o
 .debug_macro   0x00000000000201d3      0x2b5 Core/Src/main.o
 .debug_macro   0x0000000000020488       0xea Core/Src/main.o
 .debug_macro   0x0000000000020572       0x91 Core/Src/main.o
 .debug_macro   0x0000000000020603       0x8d Core/Src/main.o
 .debug_macro   0x0000000000020690       0x7e Core/Src/main.o
 .debug_macro   0x000000000002070e       0x19 Core/Src/main.o
 .debug_macro   0x0000000000020727       0xf2 Core/Src/main.o
 .debug_macro   0x0000000000020819       0x10 Core/Src/main.o
 .debug_macro   0x0000000000020829      0x281 Core/Src/mytasks.o
 .debug_macro   0x0000000000020aaa      0x1dd Core/Src/stm32f4xx_hal_msp.o
 .debug_macro   0x0000000000020c87      0x1ce Core/Src/stm32f4xx_hal_timebase_tim.o
 .debug_macro   0x0000000000020e55      0x24f Core/Src/stm32f4xx_it.o
 .debug_macro   0x00000000000210a4      0x1d4 Core/Src/system_stm32f4xx.o
 .debug_macro   0x0000000000021278      0x22e Drivers/STM32F4xx_HAL_Driver/Src/stm32f4xx_hal.o
 .debug_macro   0x00000000000214a6      0x1ce Drivers/STM32F4xx_HAL_Driver/Src/stm32f4xx_hal_cortex.o
 .debug_macro   0x0000000000021674      0x1d4 Drivers/STM32F4xx_HAL_Driver/Src/stm32f4xx_hal_dma.o
 .debug_macro   0x0000000000021848      0x204 Drivers/STM32F4xx_HAL_Driver/Src/stm32f4xx_hal_gpio.o
 .debug_macro   0x0000000000021a4c      0x1e6 Drivers/STM32F4xx_HAL_Driver/Src/stm32f4xx_hal_pwr_ex.o
 .debug_macro   0x0000000000021c32      0x1f2 Drivers/STM32F4xx_HAL_Driver/Src/stm32f4xx_hal_rcc.o
 .debug_macro   0x0000000000021e24      0x1ce Drivers/STM32F4xx_HAL_Driver/Src/stm32f4xx_hal_rcc_ex.o
 .debug_macro   0x0000000000021ff2      0x1cf Drivers/STM32F4xx_HAL_Driver/Src/stm32f4xx_hal_tim.o
 .debug_macro   0x00000000000221c1      0x1ce Drivers/STM32F4xx_HAL_Driver/Src/stm32f4xx_hal_tim_ex.o
 .debug_macro   0x000000000002238f      0x1cf Drivers/STM32F4xx_HAL_Driver/Src/stm32f4xx_hal_uart.o
 .debug_macro   0x000000000002255e      0x1f1 Middlewares/Third_Party/FreeRTOS/Source/CMSIS_RTOS/cmsis_os.o
 .debug_macro   0x000000000002274f       0x10 Middlewares/Third_Party/FreeRTOS/Source/CMSIS_RTOS/cmsis_os.o
 .debug_macro   0x000000000002275f       0x20 Middlewares/Third_Party/FreeRTOS/Source/CMSIS_RTOS/cmsis_os.o
 .debug_macro   0x000000000002277f       0xc7 Middlewares/Third_Party/FreeRTOS/Source/CMSIS_RTOS/cmsis_os.o
 .debug_macro   0x0000000000022846      0x17a Middlewares/Third_Party/FreeRTOS/Source/list.o
 .debug_macro   0x00000000000229c0      0x209 Middlewares/Third_Party/FreeRTOS/Source/queue.o
 .debug_macro   0x0000000000022bc9       0x16 Middlewares/Third_Party/FreeRTOS/Source/queue.o
 .debug_macro   0x0000000000022bdf       0x87 Middlewares/Third_Party/FreeRTOS/Source/queue.o
 .debug_macro   0x0000000000022c66      0x26c Middlewares/Third_Party/FreeRTOS/Source/tasks.o
 .debug_macro   0x0000000000022ed2       0x10 Middlewares/Third_Party/FreeRTOS/Source/tasks.o
 .debug_macro   0x0000000000022ee2      0x196 Middlewares/Third_Party/FreeRTOS/Source/portable/GCC/ARM_CM4F/port.o
 .debug_macro   0x0000000000023078      0x1a1 Middlewares/Third_Party/FreeRTOS/Source/portable/MemMang/heap_4.o

.debug_line     0x0000000000000000     0xec77
 .debug_line    0x0000000000000000      0x79f Core/Src/freertos.o
 .debug_line    0x000000000000079f      0x929 Core/Src/main.o
 .debug_line    0x00000000000010c8      0x822 Core/Src/mytasks.o
 .debug_line    0x00000000000018ea      0x6f1 Core/Src/stm32f4xx_hal_msp.o
 .debug_line    0x0000000000001fdb      0x6d9 Core/Src/stm32f4xx_hal_timebase_tim.o
 .debug_line    0x00000000000026b4      0x84e Core/Src/stm32f4xx_it.o
 .debug_line    0x0000000000002f02      0x6c0 Core/Src/system_stm32f4xx.o
 .debug_line    0x00000000000035c2       0x85 Core/Startup/startup_stm32f446retx.o
 .debug_line    0x0000000000003647      0x8aa Drivers/STM32F4xx_HAL_Driver/Src/stm32f4xx_hal.o
 .debug_line    0x0000000000003ef1      0x9ce Drivers/STM32F4xx_HAL_Driver/Src/stm32f4xx_hal_cortex.o
 .debug_line    0x00000000000048bf      0x978 Drivers/STM32F4xx_HAL_Driver/Src/stm32f4xx_hal_dma.o
 .debug_line    0x0000000000005237      0x875 Drivers/STM32F4xx_HAL_Driver/Src/stm32f4xx_hal_gpio.o
 .debug_line    0x0000000000005aac      0x79c Drivers/STM32F4xx_HAL_Driver/Src/stm32f4xx_hal_pwr_ex.o
 .debug_line    0x0000000000006248      0x902 Drivers/STM32F4xx_HAL_Driver/Src/stm32f4xx_hal_rcc.o
 .debug_line    0x0000000000006b4a      0xa93 Drivers/STM32F4xx_HAL_Driver/Src/stm32f4xx_hal_rcc_ex.o
 .debug_line    0x00000000000075dd     0x1923 Drivers/STM32F4xx_HAL_Driver/Src/stm32f4xx_hal_tim.o
 .debug_line    0x0000000000008f00      0xcc0 Drivers/STM32F4xx_HAL_Driver/Src/stm32f4xx_hal_tim_ex.o
 .debug_line    0x0000000000009bc0      0xfb8 Drivers/STM32F4xx_HAL_Driver/Src/stm32f4xx_hal_uart.o
 .debug_line    0x000000000000ab78      0xc9d Middlewares/Third_Party/FreeRTOS/Source/CMSIS_RTOS/cmsis_os.o
 .debug_line    0x000000000000b815      0x649 Middlewares/Third_Party/FreeRTOS/Source/list.o
 .debug_line    0x000000000000be5e      0xf53 Middlewares/Third_Party/FreeRTOS/Source/queue.o
 .debug_line    0x000000000000cdb1     0x1110 Middlewares/Third_Party/FreeRTOS/Source/tasks.o
 .debug_line    0x000000000000dec1      0x687 Middlewares/Third_Party/FreeRTOS/Source/portable/GCC/ARM_CM4F/port.o
 .debug_line    0x000000000000e548      0x72f Middlewares/Third_Party/FreeRTOS/Source/portable/MemMang/heap_4.o

.debug_str      0x0000000000000000    0xd7236
 .debug_str     0x0000000000000000    0xcb3ea Core/Src/freertos.o
                                      0xcb6b4 (size before relaxing)
 .debug_str     0x00000000000cb3ea     0x2ef1 Core/Src/main.o
                                      0xce5d4 (size before relaxing)
 .debug_str     0x00000000000ce2db       0x8a Core/Src/mytasks.o
                                      0xcdb94 (size before relaxing)
 .debug_str     0x00000000000ce365      0x558 Core/Src/stm32f4xx_hal_msp.o
                                      0xc8338 (size before relaxing)
 .debug_str     0x00000000000ce8bd       0xaa Core/Src/stm32f4xx_hal_timebase_tim.o
                                      0xc827f (size before relaxing)
 .debug_str     0x00000000000ce967       0xca Core/Src/stm32f4xx_it.o
                                      0xcbc18 (size before relaxing)
 .debug_str     0x00000000000cea31       0xc4 Core/Src/system_stm32f4xx.o
                                      0xc78c8 (size before relaxing)
 .debug_str     0x00000000000ceaf5       0x36 Core/Startup/startup_stm32f446retx.o
                                         0x6c (size before relaxing)
 .debug_str     0x00000000000ceb2b      0x542 Drivers/STM32F4xx_HAL_Driver/Src/stm32f4xx_hal.o
                                      0xc83d6 (size before relaxing)
 .debug_str     0x00000000000cf06d      0x389 Drivers/STM32F4xx_HAL_Driver/Src/stm32f4xx_hal_cortex.o
                                      0xc81a0 (size before relaxing)
 .debug_str     0x00000000000cf3f6      0x31d Drivers/STM32F4xx_HAL_Driver/Src/stm32f4xx_hal_dma.o
                                      0xc7cb8 (size before relaxing)
 .debug_str     0x00000000000cf713      0x207 Drivers/STM32F4xx_HAL_Driver/Src/stm32f4xx_hal_gpio.o
                                      0xc7b07 (size before relaxing)
 .debug_str     0x00000000000cf91a      0x135 Drivers/STM32F4xx_HAL_Driver/Src/stm32f4xx_hal_pwr_ex.o
                                      0xc7aab (size before relaxing)
 .debug_str     0x00000000000cfa4f      0x24f Drivers/STM32F4xx_HAL_Driver/Src/stm32f4xx_hal_rcc.o
                                      0xc7cba (size before relaxing)
 .debug_str     0x00000000000cfc9e      0x31c Drivers/STM32F4xx_HAL_Driver/Src/stm32f4xx_hal_rcc_ex.o
                                      0xc7d0c (size before relaxing)
 .debug_str     0x00000000000cffba      0xd6f Drivers/STM32F4xx_HAL_Driver/Src/stm32f4xx_hal_tim.o
                                      0xc89af (size before relaxing)
 .debug_str     0x00000000000d0d29      0x4ec Drivers/STM32F4xx_HAL_Driver/Src/stm32f4xx_hal_tim_ex.o
                                      0xc81af (size before relaxing)
 .debug_str     0x00000000000d1215      0x4e6 Drivers/STM32F4xx_HAL_Driver/Src/stm32f4xx_hal_uart.o
                                      0xc80ef (size before relaxing)
 .debug_str     0x00000000000d16fb     0x35af Middlewares/Third_Party/FreeRTOS/Source/CMSIS_RTOS/cmsis_os.o
                                       0xe134 (size before relaxing)
 .debug_str     0x00000000000d4caa      0x219 Middlewares/Third_Party/FreeRTOS/Source/list.o
                                       0xa766 (size before relaxing)
 .debug_str     0x00000000000d4ec3      0x7fc Middlewares/Third_Party/FreeRTOS/Source/queue.o
                                       0xbf52 (size before relaxing)
 .debug_str     0x00000000000d56bf     0x111a Middlewares/Third_Party/FreeRTOS/Source/tasks.o
                                       0xc987 (size before relaxing)
 .debug_str     0x00000000000d67d9      0x803 Middlewares/Third_Party/FreeRTOS/Source/portable/GCC/ARM_CM4F/port.o
                                       0x852f (size before relaxing)
 .debug_str     0x00000000000d6fdc      0x25a Middlewares/Third_Party/FreeRTOS/Source/portable/MemMang/heap_4.o
                                       0xaf59 (size before relaxing)

.comment        0x0000000000000000       0x7b
 .comment       0x0000000000000000       0x7b Core/Src/freertos.o
                                         0x7c (size before relaxing)
 .comment       0x000000000000007b       0x7c Core/Src/main.o
 .comment       0x000000000000007b       0x7c Core/Src/mytasks.o
 .comment       0x000000000000007b       0x7c Core/Src/stm32f4xx_hal_msp.o
 .comment       0x000000000000007b       0x7c Core/Src/stm32f4xx_hal_timebase_tim.o
 .comment       0x000000000000007b       0x7c Core/Src/stm32f4xx_it.o
 .comment       0x000000000000007b       0x7c Core/Src/system_stm32f4xx.o
 .comment       0x000000000000007b       0x7c Drivers/STM32F4xx_HAL_Driver/Src/stm32f4xx_hal.o
 .comment       0x000000000000007b       0x7c Drivers/STM32F4xx_HAL_Driver/Src/stm32f4xx_hal_cortex.o
 .comment       0x000000000000007b       0x7c Drivers/STM32F4xx_HAL_Driver/Src/stm32f4xx_hal_dma.o
 .comment       0x000000000000007b       0x7c Drivers/STM32F4xx_HAL_Driver/Src/stm32f4xx_hal_gpio.o
 .comment       0x000000000000007b       0x7c Drivers/STM32F4xx_HAL_Driver/Src/stm32f4xx_hal_pwr_ex.o
 .comment       0x000000000000007b       0x7c Drivers/STM32F4xx_HAL_Driver/Src/stm32f4xx_hal_rcc.o
 .comment       0x000000000000007b       0x7c Drivers/STM32F4xx_HAL_Driver/Src/stm32f4xx_hal_rcc_ex.o
 .comment       0x000000000000007b       0x7c Drivers/STM32F4xx_HAL_Driver/Src/stm32f4xx_hal_tim.o
 .comment       0x000000000000007b       0x7c Drivers/STM32F4xx_HAL_Driver/Src/stm32f4xx_hal_tim_ex.o
 .comment       0x000000000000007b       0x7c Drivers/STM32F4xx_HAL_Driver/Src/stm32f4xx_hal_uart.o
 .comment       0x000000000000007b       0x7c Middlewares/Third_Party/FreeRTOS/Source/CMSIS_RTOS/cmsis_os.o
 .comment       0x000000000000007b       0x7c Middlewares/Third_Party/FreeRTOS/Source/list.o
 .comment       0x000000000000007b       0x7c Middlewares/Third_Party/FreeRTOS/Source/queue.o
 .comment       0x000000000000007b       0x7c Middlewares/Third_Party/FreeRTOS/Source/tasks.o
 .comment       0x000000000000007b       0x7c Middlewares/Third_Party/FreeRTOS/Source/portable/GCC/ARM_CM4F/port.o
 .comment       0x000000000000007b       0x7c Middlewares/Third_Party/FreeRTOS/Source/portable/MemMang/heap_4.o

.debug_frame    0x0000000000000000     0x4bd8
 .debug_frame   0x0000000000000000       0x38 Core/Src/freertos.o
 .debug_frame   0x0000000000000038      0x144 Core/Src/main.o
 .debug_frame   0x000000000000017c       0x50 Core/Src/mytasks.o
 .debug_frame   0x00000000000001cc       0x7c Core/Src/stm32f4xx_hal_msp.o
 .debug_frame   0x0000000000000248       0x74 Core/Src/stm32f4xx_hal_timebase_tim.o
 .debug_frame   0x00000000000002bc      0x104 Core/Src/stm32f4xx_it.o
 .debug_frame   0x00000000000003c0       0x58 Core/Src/system_stm32f4xx.o
 .debug_frame   0x0000000000000418      0x374 Drivers/STM32F4xx_HAL_Driver/Src/stm32f4xx_hal.o
 .debug_frame   0x000000000000078c      0x498 Drivers/STM32F4xx_HAL_Driver/Src/stm32f4xx_hal_cortex.o
 .debug_frame   0x0000000000000c24      0x250 Drivers/STM32F4xx_HAL_Driver/Src/stm32f4xx_hal_dma.o
 .debug_frame   0x0000000000000e74      0x14c Drivers/STM32F4xx_HAL_Driver/Src/stm32f4xx_hal_gpio.o
 .debug_frame   0x0000000000000fc0      0x14c Drivers/STM32F4xx_HAL_Driver/Src/stm32f4xx_hal_pwr_ex.o
 .debug_frame   0x000000000000110c      0x1f0 Drivers/STM32F4xx_HAL_Driver/Src/stm32f4xx_hal_rcc.o
 .debug_frame   0x00000000000012fc      0x1e0 Drivers/STM32F4xx_HAL_Driver/Src/stm32f4xx_hal_rcc_ex.o
 .debug_frame   0x00000000000014dc     0x10f0 Drivers/STM32F4xx_HAL_Driver/Src/stm32f4xx_hal_tim.o
 .debug_frame   0x00000000000025cc      0x5c0 Drivers/STM32F4xx_HAL_Driver/Src/stm32f4xx_hal_tim_ex.o
 .debug_frame   0x0000000000002b8c      0x844 Drivers/STM32F4xx_HAL_Driver/Src/stm32f4xx_hal_uart.o
 .debug_frame   0x00000000000033d0      0x80c Middlewares/Third_Party/FreeRTOS/Source/CMSIS_RTOS/cmsis_os.o
 .debug_frame   0x0000000000003bdc       0xd8 Middlewares/Third_Party/FreeRTOS/Source/list.o
 .debug_frame   0x0000000000003cb4      0x46c Middlewares/Third_Party/FreeRTOS/Source/queue.o
 .debug_frame   0x0000000000004120      0x734 Middlewares/Third_Party/FreeRTOS/Source/tasks.o
 .debug_frame   0x0000000000004854      0x1a8 Middlewares/Third_Party/FreeRTOS/Source/portable/GCC/ARM_CM4F/port.o
 .debug_frame   0x00000000000049fc      0x108 Middlewares/Third_Party/FreeRTOS/Source/portable/MemMang/heap_4.o
 .debug_frame   0x0000000000004b04       0x2c /opt/st/stm32cubeide_1.3.0_2/plugins/com.st.stm32cube.ide.mcu.externaltools.gnu-tools-for-stm32.7-2018-q2-update.linux64_1.0.0.201904181610/tools/bin/../lib/gcc/arm-none-eabi/7.3.1/../../../../arm-none-eabi/lib/thumb/v7e-m/fpv4-sp/hard/libc_nano.a(lib_a-init.o)
 .debug_frame   0x0000000000004b30       0x28 /opt/st/stm32cubeide_1.3.0_2/plugins/com.st.stm32cube.ide.mcu.externaltools.gnu-tools-for-stm32.7-2018-q2-update.linux64_1.0.0.201904181610/tools/bin/../lib/gcc/arm-none-eabi/7.3.1/../../../../arm-none-eabi/lib/thumb/v7e-m/fpv4-sp/hard/libc_nano.a(lib_a-memcpy-stub.o)
 .debug_frame   0x0000000000004b58       0x20 /opt/st/stm32cubeide_1.3.0_2/plugins/com.st.stm32cube.ide.mcu.externaltools.gnu-tools-for-stm32.7-2018-q2-update.linux64_1.0.0.201904181610/tools/bin/../lib/gcc/arm-none-eabi/7.3.1/../../../../arm-none-eabi/lib/thumb/v7e-m/fpv4-sp/hard/libc_nano.a(lib_a-memset.o)
 .debug_frame   0x0000000000004b78       0x2c /opt/st/stm32cubeide_1.3.0_2/plugins/com.st.stm32cube.ide.mcu.externaltools.gnu-tools-for-stm32.7-2018-q2-update.linux64_1.0.0.201904181610/tools/bin/../lib/gcc/arm-none-eabi/7.3.1/thumb/v7e-m/fpv4-sp/hard/libgcc.a(_aeabi_uldivmod.o)
 .debug_frame   0x0000000000004ba4       0x34 /opt/st/stm32cubeide_1.3.0_2/plugins/com.st.stm32cube.ide.mcu.externaltools.gnu-tools-for-stm32.7-2018-q2-update.linux64_1.0.0.201904181610/tools/bin/../lib/gcc/arm-none-eabi/7.3.1/thumb/v7e-m/fpv4-sp/hard/libgcc.a(_udivmoddi4.o)
