Archive member included to satisfy reference by file (symbol)

/opt/st/stm32cubeide_1.3.0_2/plugins/com.st.stm32cube.ide.mcu.externaltools.gnu-tools-for-stm32.7-2018-q2-update.linux64_1.0.0.201904181610/tools/bin/../lib/gcc/arm-none-eabi/7.3.1/../../../../arm-none-eabi/lib/thumb/v7e-m/fpv4-sp/hard/libc_nano.a(lib_a-errno.o)
                              Core/Src/syscalls.o (__errno)
/opt/st/stm32cubeide_1.3.0_2/plugins/com.st.stm32cube.ide.mcu.externaltools.gnu-tools-for-stm32.7-2018-q2-update.linux64_1.0.0.201904181610/tools/bin/../lib/gcc/arm-none-eabi/7.3.1/../../../../arm-none-eabi/lib/thumb/v7e-m/fpv4-sp/hard/libc_nano.a(lib_a-exit.o)
                              /opt/st/stm32cubeide_1.3.0_2/plugins/com.st.stm32cube.ide.mcu.externaltools.gnu-tools-for-stm32.7-2018-q2-update.linux64_1.0.0.201904181610/tools/bin/../lib/gcc/arm-none-eabi/7.3.1/../../../../arm-none-eabi/lib/thumb/v7e-m/fpv4-sp/hard/crt0.o (exit)
/opt/st/stm32cubeide_1.3.0_2/plugins/com.st.stm32cube.ide.mcu.externaltools.gnu-tools-for-stm32.7-2018-q2-update.linux64_1.0.0.201904181610/tools/bin/../lib/gcc/arm-none-eabi/7.3.1/../../../../arm-none-eabi/lib/thumb/v7e-m/fpv4-sp/hard/libc_nano.a(lib_a-impure.o)
                              /opt/st/stm32cubeide_1.3.0_2/plugins/com.st.stm32cube.ide.mcu.externaltools.gnu-tools-for-stm32.7-2018-q2-update.linux64_1.0.0.201904181610/tools/bin/../lib/gcc/arm-none-eabi/7.3.1/../../../../arm-none-eabi/lib/thumb/v7e-m/fpv4-sp/hard/libc_nano.a(lib_a-exit.o) (_global_impure_ptr)
/opt/st/stm32cubeide_1.3.0_2/plugins/com.st.stm32cube.ide.mcu.externaltools.gnu-tools-for-stm32.7-2018-q2-update.linux64_1.0.0.201904181610/tools/bin/../lib/gcc/arm-none-eabi/7.3.1/../../../../arm-none-eabi/lib/thumb/v7e-m/fpv4-sp/hard/libc_nano.a(lib_a-init.o)
                              /opt/st/stm32cubeide_1.3.0_2/plugins/com.st.stm32cube.ide.mcu.externaltools.gnu-tools-for-stm32.7-2018-q2-update.linux64_1.0.0.201904181610/tools/bin/../lib/gcc/arm-none-eabi/7.3.1/../../../../arm-none-eabi/lib/thumb/v7e-m/fpv4-sp/hard/crt0.o (__libc_init_array)
/opt/st/stm32cubeide_1.3.0_2/plugins/com.st.stm32cube.ide.mcu.externaltools.gnu-tools-for-stm32.7-2018-q2-update.linux64_1.0.0.201904181610/tools/bin/../lib/gcc/arm-none-eabi/7.3.1/../../../../arm-none-eabi/lib/thumb/v7e-m/fpv4-sp/hard/libc_nano.a(lib_a-memcpy-stub.o)
                              Middlewares/Third_Party/FreeRTOS/Source/queue.o (memcpy)
/opt/st/stm32cubeide_1.3.0_2/plugins/com.st.stm32cube.ide.mcu.externaltools.gnu-tools-for-stm32.7-2018-q2-update.linux64_1.0.0.201904181610/tools/bin/../lib/gcc/arm-none-eabi/7.3.1/../../../../arm-none-eabi/lib/thumb/v7e-m/fpv4-sp/hard/libc_nano.a(lib_a-memset.o)
                              /opt/st/stm32cubeide_1.3.0_2/plugins/com.st.stm32cube.ide.mcu.externaltools.gnu-tools-for-stm32.7-2018-q2-update.linux64_1.0.0.201904181610/tools/bin/../lib/gcc/arm-none-eabi/7.3.1/../../../../arm-none-eabi/lib/thumb/v7e-m/fpv4-sp/hard/crt0.o (memset)
/opt/st/stm32cubeide_1.3.0_2/plugins/com.st.stm32cube.ide.mcu.externaltools.gnu-tools-for-stm32.7-2018-q2-update.linux64_1.0.0.201904181610/tools/bin/../lib/gcc/arm-none-eabi/7.3.1/../../../../arm-none-eabi/lib/thumb/v7e-m/fpv4-sp/hard/libc_nano.a(lib_a-strlen.o)
                              Core/Src/UartRingbuffer_multi.o (strlen)
/opt/st/stm32cubeide_1.3.0_2/plugins/com.st.stm32cube.ide.mcu.externaltools.gnu-tools-for-stm32.7-2018-q2-update.linux64_1.0.0.201904181610/tools/bin/../lib/gcc/arm-none-eabi/7.3.1/thumb/v7e-m/fpv4-sp/hard/libgcc.a(_aeabi_uldivmod.o)
                              Drivers/STM32F4xx_HAL_Driver/Src/stm32f4xx_hal_rcc.o (__aeabi_uldivmod)
/opt/st/stm32cubeide_1.3.0_2/plugins/com.st.stm32cube.ide.mcu.externaltools.gnu-tools-for-stm32.7-2018-q2-update.linux64_1.0.0.201904181610/tools/bin/../lib/gcc/arm-none-eabi/7.3.1/thumb/v7e-m/fpv4-sp/hard/libgcc.a(_udivmoddi4.o)
                              /opt/st/stm32cubeide_1.3.0_2/plugins/com.st.stm32cube.ide.mcu.externaltools.gnu-tools-for-stm32.7-2018-q2-update.linux64_1.0.0.201904181610/tools/bin/../lib/gcc/arm-none-eabi/7.3.1/thumb/v7e-m/fpv4-sp/hard/libgcc.a(_aeabi_uldivmod.o) (__udivmoddi4)
/opt/st/stm32cubeide_1.3.0_2/plugins/com.st.stm32cube.ide.mcu.externaltools.gnu-tools-for-stm32.7-2018-q2-update.linux64_1.0.0.201904181610/tools/bin/../lib/gcc/arm-none-eabi/7.3.1/thumb/v7e-m/fpv4-sp/hard/libgcc.a(_dvmd_tls.o)
                              /opt/st/stm32cubeide_1.3.0_2/plugins/com.st.stm32cube.ide.mcu.externaltools.gnu-tools-for-stm32.7-2018-q2-update.linux64_1.0.0.201904181610/tools/bin/../lib/gcc/arm-none-eabi/7.3.1/thumb/v7e-m/fpv4-sp/hard/libgcc.a(_aeabi_uldivmod.o) (__aeabi_ldiv0)

Allocating common symbols
Common symbol       size              file

defaultTaskHandle   0x4               Core/Src/main.o
_tx_buffer2         0x4               Core/Src/UartRingbuffer_multi.o
uwTick              0x4               Drivers/STM32F4xx_HAL_Driver/Src/stm32f4xx_hal.o
[...]
Memory Configuration

Name             Origin             Length             Attributes
RAM              0x0000000020000000 0x0000000000020000 xrw
FLASH            0x0000000008000000 0x0000000000080000 xr
*default*        0x0000000000000000 0xffffffffffffffff

Linker script and memory map

LOAD /opt/st/stm32cubeide_1.3.0_2/plugins/com.st.stm32cube.ide.mcu.externaltools.gnu-tools-for-stm32.7-2018-q2-update.linux64_1.0.0.201904181610/tools/bin/../lib/gcc/arm-none-eabi/7.3.1/thumb/v7e-m/fpv4-sp/hard/crti.o
LOAD /opt/st/stm32cubeide_1.3.0_2/plugins/com.st.stm32cube.ide.mcu.externaltools.gnu-tools-for-stm32.7-2018-q2-update.linux64_1.0.0.201904181610/tools/bin/../lib/gcc/arm-none-eabi/7.3.1/thumb/v7e-m/fpv4-sp/hard/crtbegin.o
LOAD /opt/st/stm32cubeide_1.3.0_2/plugins/com.st.stm32cube.ide.mcu.externaltools.gnu-tools-for-stm32.7-2018-q2-update.linux64_1.0.0.201904181610/tools/bin/../lib/gcc/arm-none-eabi/7.3.1/../../../../arm-none-eabi/lib/thumb/v7e-m/fpv4-sp/hard/crt0.o
LOAD Core/Src/UartRingbuffer_multi.o
LOAD Core/Src/freertos.o
LOAD Core/Src/main.o
LOAD Core/Src/stm32f4xx_hal_msp.o
LOAD Core/Src/stm32f4xx_hal_timebase_tim.o
LOAD Core/Src/stm32f4xx_it.o
LOAD Core/Src/syscalls.o
LOAD Core/Src/sysmem.o
LOAD Core/Src/system_stm32f4xx.o
LOAD Core/Startup/startup_stm32f446retx.o
LOAD Drivers/STM32F4xx_HAL_Driver/Src/stm32f4xx_hal.o
LOAD Drivers/STM32F4xx_HAL_Driver/Src/stm32f4xx_hal_cortex.o
LOAD Drivers/STM32F4xx_HAL_Driver/Src/stm32f4xx_hal_dma.o
LOAD Drivers/STM32F4xx_HAL_Driver/Src/stm32f4xx_hal_dma_ex.o
LOAD Drivers/STM32F4xx_HAL_Driver/Src/stm32f4xx_hal_exti.o
LOAD Drivers/STM32F4xx_HAL_Driver/Src/stm32f4xx_hal_flash.o
LOAD Drivers/STM32F4xx_HAL_Driver/Src/stm32f4xx_hal_flash_ex.o
LOAD Drivers/STM32F4xx_HAL_Driver/Src/stm32f4xx_hal_flash_ramfunc.o
LOAD Drivers/STM32F4xx_HAL_Driver/Src/stm32f4xx_hal_gpio.o
LOAD Drivers/STM32F4xx_HAL_Driver/Src/stm32f4xx_hal_pwr.o
LOAD Drivers/STM32F4xx_HAL_Driver/Src/stm32f4xx_hal_pwr_ex.o
LOAD Drivers/STM32F4xx_HAL_Driver/Src/stm32f4xx_hal_rcc.o
LOAD Drivers/STM32F4xx_HAL_Driver/Src/stm32f4xx_hal_rcc_ex.o
LOAD Drivers/STM32F4xx_HAL_Driver/Src/stm32f4xx_hal_tim.o
LOAD Drivers/STM32F4xx_HAL_Driver/Src/stm32f4xx_hal_tim_ex.o
LOAD Drivers/STM32F4xx_HAL_Driver/Src/stm32f4xx_hal_uart.o
LOAD Middlewares/Third_Party/FreeRTOS/Source/CMSIS_RTOS/cmsis_os.o
LOAD Middlewares/Third_Party/FreeRTOS/Source/croutine.o
LOAD Middlewares/Third_Party/FreeRTOS/Source/event_groups.o
LOAD Middlewares/Third_Party/FreeRTOS/Source/list.o
LOAD Middlewares/Third_Party/FreeRTOS/Source/queue.o
LOAD Middlewares/Third_Party/FreeRTOS/Source/stream_buffer.o
LOAD Middlewares/Third_Party/FreeRTOS/Source/tasks.o
LOAD Middlewares/Third_Party/FreeRTOS/Source/timers.o
LOAD Middlewares/Third_Party/FreeRTOS/Source/portable/GCC/ARM_CM4F/port.o
LOAD Middlewares/Third_Party/FreeRTOS/Source/portable/MemMang/heap_4.o
START GROUP
LOAD /opt/st/stm32cubeide_1.3.0_2/plugins/com.st.stm32cube.ide.mcu.externaltools.gnu-tools-for-stm32.7-2018-q2-update.linux64_1.0.0.201904181610/tools/bin/../lib/gcc/arm-none-eabi/7.3.1/../../../../arm-none-eabi/lib/thumb/v7e-m/fpv4-sp/hard/libc_nano.a
LOAD /opt/st/stm32cubeide_1.3.0_2/plugins/com.st.stm32cube.ide.mcu.externaltools.gnu-tools-for-stm32.7-2018-q2-update.linux64_1.0.0.201904181610/tools/bin/../lib/gcc/arm-none-eabi/7.3.1/../../../../arm-none-eabi/lib/thumb/v7e-m/fpv4-sp/hard/libm.a
END GROUP
START GROUP
LOAD /opt/st/stm32cubeide_1.3.0_2/plugins/com.st.stm32cube.ide.mcu.externaltools.gnu-tools-for-stm32.7-2018-q2-update.linux64_1.0.0.201904181610/tools/bin/../lib/gcc/arm-none-eabi/7.3.1/thumb/v7e-m/fpv4-sp/hard/libgcc.a
LOAD /opt/st/stm32cubeide_1.3.0_2/plugins/com.st.stm32cube.ide.mcu.externaltools.gnu-tools-for-stm32.7-2018-q2-update.linux64_1.0.0.201904181610/tools/bin/../lib/gcc/arm-none-eabi/7.3.1/../../../../arm-none-eabi/lib/thumb/v7e-m/fpv4-sp/hard/libc_nano.a
END GROUP
START GROUP
LOAD /opt/st/stm32cubeide_1.3.0_2/plugins/com.st.stm32cube.ide.mcu.externaltools.gnu-tools-for-stm32.7-2018-q2-update.linux64_1.0.0.201904181610/tools/bin/../lib/gcc/arm-none-eabi/7.3.1/thumb/v7e-m/fpv4-sp/hard/libgcc.a
LOAD /opt/st/stm32cubeide_1.3.0_2/plugins/com.st.stm32cube.ide.mcu.externaltools.gnu-tools-for-stm32.7-2018-q2-update.linux64_1.0.0.201904181610/tools/bin/../lib/gcc/arm-none-eabi/7.3.1/../../../../arm-none-eabi/lib/thumb/v7e-m/fpv4-sp/hard/libc_nano.a
LOAD /opt/st/stm32cubeide_1.3.0_2/plugins/com.st.stm32cube.ide.mcu.externaltools.gnu-tools-for-stm32.7-2018-q2-update.linux64_1.0.0.201904181610/tools/bin/../lib/gcc/arm-none-eabi/7.3.1/../../../../arm-none-eabi/lib/thumb/v7e-m/fpv4-sp/hard/libnosys.a
END GROUP
START GROUP
LOAD /opt/st/stm32cubeide_1.3.0_2/plugins/com.st.stm32cube.ide.mcu.externaltools.gnu-tools-for-stm32.7-2018-q2-update.linux64_1.0.0.201904181610/tools/bin/../lib/gcc/arm-none-eabi/7.3.1/thumb/v7e-m/fpv4-sp/hard/libgcc.a
LOAD /opt/st/stm32cubeide_1.3.0_2/plugins/com.st.stm32cube.ide.mcu.externaltools.gnu-tools-for-stm32.7-2018-q2-update.linux64_1.0.0.201904181610/tools/bin/../lib/gcc/arm-none-eabi/7.3.1/../../../../arm-none-eabi/lib/thumb/v7e-m/fpv4-sp/hard/libc_nano.a
LOAD /opt/st/stm32cubeide_1.3.0_2/plugins/com.st.stm32cube.ide.mcu.externaltools.gnu-tools-for-stm32.7-2018-q2-update.linux64_1.0.0.201904181610/tools/bin/../lib/gcc/arm-none-eabi/7.3.1/../../../../arm-none-eabi/lib/thumb/v7e-m/fpv4-sp/hard/libnosys.a
END GROUP
LOAD /opt/st/stm32cubeide_1.3.0_2/plugins/com.st.stm32cube.ide.mcu.externaltools.gnu-tools-for-stm32.7-2018-q2-update.linux64_1.0.0.201904181610/tools/bin/../lib/gcc/arm-none-eabi/7.3.1/thumb/v7e-m/fpv4-sp/hard/crtend.o
LOAD /opt/st/stm32cubeide_1.3.0_2/plugins/com.st.stm32cube.ide.mcu.externaltools.gnu-tools-for-stm32.7-2018-q2-update.linux64_1.0.0.201904181610/tools/bin/../lib/gcc/arm-none-eabi/7.3.1/thumb/v7e-m/fpv4-sp/hard/crtn.o
                0x0000000020020000                _estack = (ORIGIN (RAM) + LENGTH (RAM))
                0x0000000000000200                _Min_Heap_Size = 0x200
                0x0000000000000400                _Min_Stack_Size = 0x400

.isr_vector     0x0000000008000000      0x1c4
                0x0000000008000000                . = ALIGN (0x4)
 *(.isr_vector)
 .isr_vector    0x0000000008000000      0x1c4 Core/Startup/startup_stm32f446retx.o
                0x0000000008000000                g_pfnVectors
                0x00000000080001c4                . = ALIGN (0x4)

.text           0x00000000080001d0     0x2e78
                0x00000000080001d0                . = ALIGN (0x4)
 *(.text)
 .text          0x00000000080001d0       0x40 /opt/st/stm32cubeide_1.3.0_2/plugins/com.st.stm32cube.ide.mcu.externaltools.gnu-tools-for-stm32.7-2018-q2-update.linux64_1.0.0.201904181610/tools/bin/../lib/gcc/arm-none-eabi/7.3.1/thumb/v7e-m/fpv4-sp/hard/crtbegin.o
 .text          0x0000000008000210       0x30 /opt/st/stm32cubeide_1.3.0_2/plugins/com.st.stm32cube.ide.mcu.externaltools.gnu-tools-for-stm32.7-2018-q2-update.linux64_1.0.0.201904181610/tools/bin/../lib/gcc/arm-none-eabi/7.3.1/thumb/v7e-m/fpv4-sp/hard/libgcc.a(_aeabi_uldivmod.o)
                0x0000000008000210                __aeabi_uldivmod
 .text          0x0000000008000240      0x2cc /opt/st/stm32cubeide_1.3.0_2/plugins/com.st.stm32cube.ide.mcu.externaltools.gnu-tools-for-stm32.7-2018-q2-update.linux64_1.0.0.201904181610/tools/bin/../lib/gcc/arm-none-eabi/7.3.1/thumb/v7e-m/fpv4-sp/hard/libgcc.a(_udivmoddi4.o)
                0x0000000008000240                __udivmoddi4
 .text          0x000000000800050c        0x4 /opt/st/stm32cubeide_1.3.0_2/plugins/com.st.stm32cube.ide.mcu.externaltools.gnu-tools-for-stm32.7-2018-q2-update.linux64_1.0.0.201904181610/tools/bin/../lib/gcc/arm-none-eabi/7.3.1/thumb/v7e-m/fpv4-sp/hard/libgcc.a(_dvmd_tls.o)
                0x000000000800050c                __aeabi_ldiv0
                0x000000000800050c                __aeabi_idiv0
 *(.text*)
 .text.Ringbuf_init
                0x0000000008000510       0x90 Core/Src/UartRingbuffer_multi.o
                0x0000000008000510                Ringbuf_init
 .text.store_char
                0x00000000080005a0       0x3e Core/Src/UartRingbuffer_multi.o
                0x00000000080005a0                store_char
 *fill*         0x00000000080005de        0x2 
 .text.Uart_read
                0x00000000080005e0       0xac Core/Src/UartRingbuffer_multi.o
                0x00000000080005e0                Uart_read
 .text.Uart_write
                0x000000000800068c       0xc8 Core/Src/UartRingbuffer_multi.o
                0x000000000800068c                Uart_write
 .text.IsDataAvailable
                0x0000000008000754       0x6c Core/Src/UartRingbuffer_multi.o
                0x0000000008000754                IsDataAvailable
 .text.Uart_isr
                0x00000000080007c0      0x140 Core/Src/UartRingbuffer_multi.o
                0x00000000080007c0                Uart_isr
 .text.main     0x0000000008000900       0x68 Core/Src/main.o
                0x0000000008000900                main
 .text.SystemClock_Config
                0x0000000008000968       0xe4 Core/Src/main.o
                0x0000000008000968                SystemClock_Config
 .text.MX_USART1_UART_Init
                0x0000000008000a4c       0x54 Core/Src/main.o
 .text.MX_USART2_UART_Init
                0x0000000008000aa0       0x54 Core/Src/main.o
 .text.MX_GPIO_Init
                0x0000000008000af4       0xe0 Core/Src/main.o
 .text.HAL_TIM_PeriodElapsedCallback
                0x0000000008000bd4       0x24 Core/Src/main.o
                0x0000000008000bd4                HAL_TIM_PeriodElapsedCallback
 .text.Error_Handler
                0x0000000008000bf8        0xe Core/Src/main.o
                0x0000000008000bf8                Error_Handler
 *fill*         0x0000000008000c06        0x2 
 .text.HAL_MspInit
                0x0000000008000c08       0x58 Core/Src/stm32f4xx_hal_msp.o
                0x0000000008000c08                HAL_MspInit
 .text.HAL_UART_MspInit
                0x0000000008000c60      0x118 Core/Src/stm32f4xx_hal_msp.o
                0x0000000008000c60                HAL_UART_MspInit
 .text.HAL_InitTick
                0x0000000008000d78       0xb4 Core/Src/stm32f4xx_hal_timebase_tim.o
                0x0000000008000d78                HAL_InitTick
 .text.NMI_Handler
                0x0000000008000e2c        0xe Core/Src/stm32f4xx_it.o
                0x0000000008000e2c                NMI_Handler
 .text.HardFault_Handler
                0x0000000008000e3a        0x6 Core/Src/stm32f4xx_it.o
                0x0000000008000e3a                HardFault_Handler
 .text.MemManage_Handler
                0x0000000008000e40        0x6 Core/Src/stm32f4xx_it.o
                0x0000000008000e40                MemManage_Handler
 .text.BusFault_Handler
                0x0000000008000e46        0x6 Core/Src/stm32f4xx_it.o
                0x0000000008000e46                BusFault_Handler
 .text.UsageFault_Handler
                0x0000000008000e4c        0x6 Core/Src/stm32f4xx_it.o
                0x0000000008000e4c                UsageFault_Handler
 .text.DebugMon_Handler
                0x0000000008000e52        0xe Core/Src/stm32f4xx_it.o
                0x0000000008000e52                DebugMon_Handler
 .text.USART1_IRQHandler
                0x0000000008000e60       0x14 Core/Src/stm32f4xx_it.o
                0x0000000008000e60                USART1_IRQHandler
 .text.USART2_IRQHandler
                0x0000000008000e74       0x14 Core/Src/stm32f4xx_it.o
                0x0000000008000e74                USART2_IRQHandler
 .text.TIM6_DAC_IRQHandler
                0x0000000008000e88       0x14 Core/Src/stm32f4xx_it.o
                0x0000000008000e88                TIM6_DAC_IRQHandler
 .text.SystemInit
                0x0000000008000e9c       0x2c Core/Src/system_stm32f4xx.o
                0x0000000008000e9c                SystemInit
 .text.Reset_Handler
                0x0000000008000ec8       0x50 Core/Startup/startup_stm32f446retx.o
                0x0000000008000ec8                Reset_Handler
 .text.Default_Handler
                0x0000000008000f18        0x2 Core/Startup/startup_stm32f446retx.o
                0x0000000008000f18                RTC_Alarm_IRQHandler
                0x0000000008000f18                EXTI2_IRQHandler
                0x0000000008000f18                TIM8_CC_IRQHandler
                0x0000000008000f18                FMPI2C1_EV_IRQHandler
                0x0000000008000f18                SPI4_IRQHandler
                0x0000000008000f18                TIM1_CC_IRQHandler
                0x0000000008000f18                DMA2_Stream5_IRQHandler
                0x0000000008000f18                DMA1_Stream5_IRQHandler
                0x0000000008000f18                PVD_IRQHandler
                0x0000000008000f18                SDIO_IRQHandler
                0x0000000008000f18                TAMP_STAMP_IRQHandler
                0x0000000008000f18                CAN2_RX1_IRQHandler
                0x0000000008000f18                EXTI3_IRQHandler
                0x0000000008000f18                TIM8_TRG_COM_TIM14_IRQHandler
                0x0000000008000f18                TIM1_UP_TIM10_IRQHandler
                0x0000000008000f18                TIM8_UP_TIM13_IRQHandler
                0x0000000008000f18                I2C3_ER_IRQHandler
                0x0000000008000f18                EXTI0_IRQHandler
                0x0000000008000f18                I2C2_EV_IRQHandler
                0x0000000008000f18                DMA1_Stream2_IRQHandler
                0x0000000008000f18                CAN1_RX0_IRQHandler
                0x0000000008000f18                FPU_IRQHandler
                0x0000000008000f18                OTG_HS_WKUP_IRQHandler
                0x0000000008000f18                CAN2_SCE_IRQHandler
                0x0000000008000f18                DMA2_Stream2_IRQHandler
                0x0000000008000f18                SPI1_IRQHandler
                0x0000000008000f18                TIM1_BRK_TIM9_IRQHandler
                0x0000000008000f18                DCMI_IRQHandler
                0x0000000008000f18                CAN2_RX0_IRQHandler
                0x0000000008000f18                DMA2_Stream3_IRQHandler
                0x0000000008000f18                SAI2_IRQHandler
                0x0000000008000f18                USART6_IRQHandler
                0x0000000008000f18                USART3_IRQHandler
                0x0000000008000f18                CAN1_RX1_IRQHandler
                0x0000000008000f18                UART5_IRQHandler
                0x0000000008000f18                DMA2_Stream0_IRQHandler
                0x0000000008000f18                TIM4_IRQHandler
                0x0000000008000f18                QUADSPI_IRQHandler
                0x0000000008000f18                I2C1_EV_IRQHandler
                0x0000000008000f18                DMA1_Stream6_IRQHandler
                0x0000000008000f18                DMA1_Stream1_IRQHandler
                0x0000000008000f18                UART4_IRQHandler
                0x0000000008000f18                TIM3_IRQHandler
                0x0000000008000f18                RCC_IRQHandler
                0x0000000008000f18                TIM8_BRK_TIM12_IRQHandler
                0x0000000008000f18                Default_Handler
                0x0000000008000f18                CEC_IRQHandler
                0x0000000008000f18                EXTI15_10_IRQHandler
                0x0000000008000f18                ADC_IRQHandler
                0x0000000008000f18                DMA1_Stream7_IRQHandler
                0x0000000008000f18                TIM7_IRQHandler
                0x0000000008000f18                CAN2_TX_IRQHandler
                0x0000000008000f18                TIM5_IRQHandler
                0x0000000008000f18                DMA2_Stream7_IRQHandler
                0x0000000008000f18                I2C3_EV_IRQHandler
                0x0000000008000f18                EXTI9_5_IRQHandler
                0x0000000008000f18                RTC_WKUP_IRQHandler
                0x0000000008000f18                SPDIF_RX_IRQHandler
                0x0000000008000f18                SPI2_IRQHandler
                0x0000000008000f18                OTG_HS_EP1_IN_IRQHandler
                0x0000000008000f18                DMA1_Stream0_IRQHandler
                0x0000000008000f18                CAN1_TX_IRQHandler
                0x0000000008000f18                FMPI2C1_ER_IRQHandler
                0x0000000008000f18                EXTI4_IRQHandler
                0x0000000008000f18                OTG_HS_EP1_OUT_IRQHandler
                0x0000000008000f18                WWDG_IRQHandler
                0x0000000008000f18                TIM2_IRQHandler
                0x0000000008000f18                OTG_FS_WKUP_IRQHandler
                0x0000000008000f18                TIM1_TRG_COM_TIM11_IRQHandler
                0x0000000008000f18                OTG_HS_IRQHandler
                0x0000000008000f18                EXTI1_IRQHandler
                0x0000000008000f18                I2C2_ER_IRQHandler
                0x0000000008000f18                DMA2_Stream1_IRQHandler
                0x0000000008000f18                CAN1_SCE_IRQHandler
                0x0000000008000f18                FLASH_IRQHandler
                0x0000000008000f18                DMA2_Stream4_IRQHandler
                0x0000000008000f18                OTG_FS_IRQHandler
                0x0000000008000f18                SPI3_IRQHandler
                0x0000000008000f18                DMA1_Stream4_IRQHandler
                0x0000000008000f18                I2C1_ER_IRQHandler
                0x0000000008000f18                FMC_IRQHandler
                0x0000000008000f18                DMA2_Stream6_IRQHandler
                0x0000000008000f18                SAI1_IRQHandler
                0x0000000008000f18                DMA1_Stream3_IRQHandler
 *fill*         0x0000000008000f1a        0x2 
 .text.HAL_Init
                0x0000000008000f1c       0x44 Drivers/STM32F4xx_HAL_Driver/Src/stm32f4xx_hal.o
                0x0000000008000f1c                HAL_Init
 .text.HAL_IncTick
                0x0000000008000f60       0x28 Drivers/STM32F4xx_HAL_Driver/Src/stm32f4xx_hal.o
                0x0000000008000f60                HAL_IncTick
 .text.HAL_GetTick
                0x0000000008000f88       0x18 Drivers/STM32F4xx_HAL_Driver/Src/stm32f4xx_hal.o
                0x0000000008000f88                HAL_GetTick
 .text.__NVIC_SetPriorityGrouping
                0x0000000008000fa0       0x48 Drivers/STM32F4xx_HAL_Driver/Src/stm32f4xx_hal_cortex.o
 .text.__NVIC_GetPriorityGrouping
                0x0000000008000fe8       0x1c Drivers/STM32F4xx_HAL_Driver/Src/stm32f4xx_hal_cortex.o
 .text.__NVIC_EnableIRQ
                0x0000000008001004       0x3c Drivers/STM32F4xx_HAL_Driver/Src/stm32f4xx_hal_cortex.o
 .text.__NVIC_SetPriority
                0x0000000008001040       0x54 Drivers/STM32F4xx_HAL_Driver/Src/stm32f4xx_hal_cortex.o
 .text.NVIC_EncodePriority
                0x0000000008001094       0x66 Drivers/STM32F4xx_HAL_Driver/Src/stm32f4xx_hal_cortex.o
 .text.HAL_NVIC_SetPriorityGrouping
                0x00000000080010fa       0x16 Drivers/STM32F4xx_HAL_Driver/Src/stm32f4xx_hal_cortex.o
                0x00000000080010fa                HAL_NVIC_SetPriorityGrouping
 .text.HAL_NVIC_SetPriority
                0x0000000008001110       0x38 Drivers/STM32F4xx_HAL_Driver/Src/stm32f4xx_hal_cortex.o
                0x0000000008001110                HAL_NVIC_SetPriority
 .text.HAL_NVIC_EnableIRQ
                0x0000000008001148       0x1c Drivers/STM32F4xx_HAL_Driver/Src/stm32f4xx_hal_cortex.o
                0x0000000008001148                HAL_NVIC_EnableIRQ
 .text.HAL_GPIO_Init
                0x0000000008001164      0x324 Drivers/STM32F4xx_HAL_Driver/Src/stm32f4xx_hal_gpio.o
                0x0000000008001164                HAL_GPIO_Init
 .text.HAL_GPIO_WritePin
                0x0000000008001488       0x32 Drivers/STM32F4xx_HAL_Driver/Src/stm32f4xx_hal_gpio.o
                0x0000000008001488                HAL_GPIO_WritePin
 *fill*         0x00000000080014ba        0x2 
 .text.HAL_PWREx_EnableOverDrive
                0x00000000080014bc       0xa0 Drivers/STM32F4xx_HAL_Driver/Src/stm32f4xx_hal_pwr_ex.o
                0x00000000080014bc                HAL_PWREx_EnableOverDrive
 .text.HAL_RCC_ClockConfig
                0x000000000800155c      0x1cc Drivers/STM32F4xx_HAL_Driver/Src/stm32f4xx_hal_rcc.o
                0x000000000800155c                HAL_RCC_ClockConfig
 .text.HAL_RCC_GetHCLKFreq
                0x0000000008001728       0x18 Drivers/STM32F4xx_HAL_Driver/Src/stm32f4xx_hal_rcc.o
                0x0000000008001728                HAL_RCC_GetHCLKFreq
 .text.HAL_RCC_GetPCLK1Freq
                0x0000000008001740       0x28 Drivers/STM32F4xx_HAL_Driver/Src/stm32f4xx_hal_rcc.o
                0x0000000008001740                HAL_RCC_GetPCLK1Freq
 .text.HAL_RCC_GetPCLK2Freq
                0x0000000008001768       0x28 Drivers/STM32F4xx_HAL_Driver/Src/stm32f4xx_hal_rcc.o
                0x0000000008001768                HAL_RCC_GetPCLK2Freq
 .text.HAL_RCC_GetClockConfig
                0x0000000008001790       0x64 Drivers/STM32F4xx_HAL_Driver/Src/stm32f4xx_hal_rcc.o
                0x0000000008001790                HAL_RCC_GetClockConfig
 .text.HAL_RCC_GetSysClockFreq
                0x00000000080017f4      0x340 Drivers/STM32F4xx_HAL_Driver/Src/stm32f4xx_hal_rcc_ex.o
                0x00000000080017f4                HAL_RCC_GetSysClockFreq
 .text.HAL_RCC_OscConfig
                0x0000000008001b34      0x4b4 Drivers/STM32F4xx_HAL_Driver/Src/stm32f4xx_hal_rcc_ex.o
                0x0000000008001b34                HAL_RCC_OscConfig
 .text.HAL_TIM_Base_Init
                0x0000000008001fe8       0x56 Drivers/STM32F4xx_HAL_Driver/Src/stm32f4xx_hal_tim.o
                0x0000000008001fe8                HAL_TIM_Base_Init
 .text.HAL_TIM_Base_MspInit
                0x000000000800203e       0x14 Drivers/STM32F4xx_HAL_Driver/Src/stm32f4xx_hal_tim.o
                0x000000000800203e                HAL_TIM_Base_MspInit
 .text.HAL_TIM_Base_Start_IT
                0x0000000008002052       0x48 Drivers/STM32F4xx_HAL_Driver/Src/stm32f4xx_hal_tim.o
                0x0000000008002052                HAL_TIM_Base_Start_IT
 .text.HAL_TIM_IRQHandler
                0x000000000800209a      0x210 Drivers/STM32F4xx_HAL_Driver/Src/stm32f4xx_hal_tim.o
                0x000000000800209a                HAL_TIM_IRQHandler
 .text.HAL_TIM_OC_DelayElapsedCallback
                0x00000000080022aa       0x14 Drivers/STM32F4xx_HAL_Driver/Src/stm32f4xx_hal_tim.o
                0x00000000080022aa                HAL_TIM_OC_DelayElapsedCallback
 .text.HAL_TIM_IC_CaptureCallback
                0x00000000080022be       0x14 Drivers/STM32F4xx_HAL_Driver/Src/stm32f4xx_hal_tim.o
                0x00000000080022be                HAL_TIM_IC_CaptureCallback
 .text.HAL_TIM_PWM_PulseFinishedCallback
                0x00000000080022d2       0x14 Drivers/STM32F4xx_HAL_Driver/Src/stm32f4xx_hal_tim.o
                0x00000000080022d2                HAL_TIM_PWM_PulseFinishedCallback
 .text.HAL_TIM_TriggerCallback
                0x00000000080022e6       0x14 Drivers/STM32F4xx_HAL_Driver/Src/stm32f4xx_hal_tim.o
                0x00000000080022e6                HAL_TIM_TriggerCallback
 *fill*         0x00000000080022fa        0x2 
 .text.TIM_Base_SetConfig
                0x00000000080022fc      0x140 Drivers/STM32F4xx_HAL_Driver/Src/stm32f4xx_hal_tim.o
                0x00000000080022fc                TIM_Base_SetConfig
 .text.HAL_TIMEx_CommutCallback
                0x000000000800243c       0x14 Drivers/STM32F4xx_HAL_Driver/Src/stm32f4xx_hal_tim_ex.o
                0x000000000800243c                HAL_TIMEx_CommutCallback
 .text.HAL_TIMEx_BreakCallback
                0x0000000008002450       0x14 Drivers/STM32F4xx_HAL_Driver/Src/stm32f4xx_hal_tim_ex.o
                0x0000000008002450                HAL_TIMEx_BreakCallback
 .text.HAL_UART_Init
                0x0000000008002464       0x9a Drivers/STM32F4xx_HAL_Driver/Src/stm32f4xx_hal_uart.o
                0x0000000008002464                HAL_UART_Init
 *fill*         0x00000000080024fe        0x2 
 .text.UART_SetConfig
                0x0000000008002500      0x6f8 Drivers/STM32F4xx_HAL_Driver/Src/stm32f4xx_hal_uart.o
 .text.vListInsertEnd
                0x0000000008002bf8       0x48 Middlewares/Third_Party/FreeRTOS/Source/list.o
                0x0000000008002bf8                vListInsertEnd
 .text.uxListRemove
                0x0000000008002c40       0x54 Middlewares/Third_Party/FreeRTOS/Source/list.o
                0x0000000008002c40                uxListRemove
 .text.xTaskIncrementTick
                0x0000000008002c94      0x170 Middlewares/Third_Party/FreeRTOS/Source/tasks.o
                0x0000000008002c94                xTaskIncrementTick
 .text.vTaskSwitchContext
                0x0000000008002e04       0xb4 Middlewares/Third_Party/FreeRTOS/Source/tasks.o
                0x0000000008002e04                vTaskSwitchContext
 .text.prvResetNextTaskUnblockTime
                0x0000000008002eb8       0x40 Middlewares/Third_Party/FreeRTOS/Source/tasks.o
 *fill*         0x0000000008002ef8        0x8 
 .text.SVC_Handler
                0x0000000008002f00       0x28 Middlewares/Third_Party/FreeRTOS/Source/portable/GCC/ARM_CM4F/port.o
                0x0000000008002f00                SVC_Handler
 *fill*         0x0000000008002f28        0x8 
 .text.PendSV_Handler
                0x0000000008002f30       0x68 Middlewares/Third_Party/FreeRTOS/Source/portable/GCC/ARM_CM4F/port.o
                0x0000000008002f30                PendSV_Handler
 .text.SysTick_Handler
                0x0000000008002f98       0x40 Middlewares/Third_Party/FreeRTOS/Source/portable/GCC/ARM_CM4F/port.o
                0x0000000008002f98                SysTick_Handler
 .text.__libc_init_array
                0x0000000008002fd8       0x48 /opt/st/stm32cubeide_1.3.0_2/plugins/com.st.stm32cube.ide.mcu.externaltools.gnu-tools-for-stm32.7-2018-q2-update.linux64_1.0.0.201904181610/tools/bin/../lib/gcc/arm-none-eabi/7.3.1/../../../../arm-none-eabi/lib/thumb/v7e-m/fpv4-sp/hard/libc_nano.a(lib_a-init.o)
                0x0000000008002fd8                __libc_init_array
 .text.memset   0x0000000008003020       0x10 /opt/st/stm32cubeide_1.3.0_2/plugins/com.st.stm32cube.ide.mcu.externaltools.gnu-tools-for-stm32.7-2018-q2-update.linux64_1.0.0.201904181610/tools/bin/../lib/gcc/arm-none-eabi/7.3.1/../../../../arm-none-eabi/lib/thumb/v7e-m/fpv4-sp/hard/libc_nano.a(lib_a-memset.o)
                0x0000000008003020                memset
 *(.glue_7)
 .glue_7        0x0000000008003030        0x0 linker stubs
 *(.glue_7t)
 .glue_7t       0x0000000008003030        0x0 linker stubs
 *(.eh_frame)
 .eh_frame      0x0000000008003030        0x0 /opt/st/stm32cubeide_1.3.0_2/plugins/com.st.stm32cube.ide.mcu.externaltools.gnu-tools-for-stm32.7-2018-q2-update.linux64_1.0.0.201904181610/tools/bin/../lib/gcc/arm-none-eabi/7.3.1/thumb/v7e-m/fpv4-sp/hard/crtbegin.o
 *(.init)
 .init          0x0000000008003030        0x4 /opt/st/stm32cubeide_1.3.0_2/plugins/com.st.stm32cube.ide.mcu.externaltools.gnu-tools-for-stm32.7-2018-q2-update.linux64_1.0.0.201904181610/tools/bin/../lib/gcc/arm-none-eabi/7.3.1/thumb/v7e-m/fpv4-sp/hard/crti.o
                0x0000000008003030                _init
 .init          0x0000000008003034        0x8 /opt/st/stm32cubeide_1.3.0_2/plugins/com.st.stm32cube.ide.mcu.externaltools.gnu-tools-for-stm32.7-2018-q2-update.linux64_1.0.0.201904181610/tools/bin/../lib/gcc/arm-none-eabi/7.3.1/thumb/v7e-m/fpv4-sp/hard/crtn.o
 *(.fini)
 .fini          0x000000000800303c        0x4 /opt/st/stm32cubeide_1.3.0_2/plugins/com.st.stm32cube.ide.mcu.externaltools.gnu-tools-for-stm32.7-2018-q2-update.linux64_1.0.0.201904181610/tools/bin/../lib/gcc/arm-none-eabi/7.3.1/thumb/v7e-m/fpv4-sp/hard/crti.o
                0x000000000800303c                _fini
 .fini          0x0000000008003040        0x8 /opt/st/stm32cubeide_1.3.0_2/plugins/com.st.stm32cube.ide.mcu.externaltools.gnu-tools-for-stm32.7-2018-q2-update.linux64_1.0.0.201904181610/tools/bin/../lib/gcc/arm-none-eabi/7.3.1/thumb/v7e-m/fpv4-sp/hard/crtn.o
                0x0000000008003048                . = ALIGN (0x4)
                0x0000000008003048                _etext = .

.vfp11_veneer   0x0000000008003048        0x0
 .vfp11_veneer  0x0000000008003048        0x0 linker stubs

.v4_bx          0x0000000008003048        0x0
 .v4_bx         0x0000000008003048        0x0 linker stubs

.iplt           0x0000000008003048        0x0
 .iplt          0x0000000008003048        0x0 /opt/st/stm32cubeide_1.3.0_2/plugins/com.st.stm32cube.ide.mcu.externaltools.gnu-tools-for-stm32.7-2018-q2-update.linux64_1.0.0.201904181610/tools/bin/../lib/gcc/arm-none-eabi/7.3.1/thumb/v7e-m/fpv4-sp/hard/crtbegin.o

.rodata         0x0000000008003048       0x18
                0x0000000008003048                . = ALIGN (0x4)
 *(.rodata)
 *(.rodata*)
 .rodata.AHBPrescTable
                0x0000000008003048       0x10 Core/Src/system_stm32f4xx.o
                0x0000000008003048                AHBPrescTable
 .rodata.APBPrescTable
                0x0000000008003058        0x8 Core/Src/system_stm32f4xx.o
                0x0000000008003058                APBPrescTable
                0x0000000008003060                . = ALIGN (0x4)

.ARM.extab      0x0000000008003060        0x0
                0x0000000008003060                . = ALIGN (0x4)
 *(.ARM.extab* .gnu.linkonce.armextab.*)
                0x0000000008003060                . = ALIGN (0x4)

.ARM            0x0000000008003060        0x8
                0x0000000008003060                . = ALIGN (0x4)
                0x0000000008003060                __exidx_start = .
 *(.ARM.exidx*)
 .ARM.exidx     0x0000000008003060        0x8 /opt/st/stm32cubeide_1.3.0_2/plugins/com.st.stm32cube.ide.mcu.externaltools.gnu-tools-for-stm32.7-2018-q2-update.linux64_1.0.0.201904181610/tools/bin/../lib/gcc/arm-none-eabi/7.3.1/thumb/v7e-m/fpv4-sp/hard/libgcc.a(_udivmoddi4.o)
                0x0000000008003068                __exidx_end = .
                0x0000000008003068                . = ALIGN (0x4)

.rel.dyn        0x0000000008003068        0x0
 .rel.iplt      0x0000000008003068        0x0 /opt/st/stm32cubeide_1.3.0_2/plugins/com.st.stm32cube.ide.mcu.externaltools.gnu-tools-for-stm32.7-2018-q2-update.linux64_1.0.0.201904181610/tools/bin/../lib/gcc/arm-none-eabi/7.3.1/thumb/v7e-m/fpv4-sp/hard/crtbegin.o

.preinit_array  0x0000000008003068        0x0
                0x0000000008003068                . = ALIGN (0x4)
                0x0000000008003068                PROVIDE (__preinit_array_start = .)
 *(.preinit_array*)
                0x0000000008003068                PROVIDE (__preinit_array_end = .)
                0x0000000008003068                . = ALIGN (0x4)

.init_array     0x0000000008003068        0x4
                0x0000000008003068                . = ALIGN (0x4)
                0x0000000008003068                PROVIDE (__init_array_start = .)
 *(SORT_BY_NAME(.init_array.*))
 *(.init_array*)
 .init_array    0x0000000008003068        0x4 /opt/st/stm32cubeide_1.3.0_2/plugins/com.st.stm32cube.ide.mcu.externaltools.gnu-tools-for-stm32.7-2018-q2-update.linux64_1.0.0.201904181610/tools/bin/../lib/gcc/arm-none-eabi/7.3.1/thumb/v7e-m/fpv4-sp/hard/crtbegin.o
                0x000000000800306c                PROVIDE (__init_array_end = .)
                0x000000000800306c                . = ALIGN (0x4)

.fini_array     0x000000000800306c        0x4
                0x000000000800306c                . = ALIGN (0x4)
                [!provide]                        PROVIDE (__fini_array_start = .)
 *(SORT_BY_NAME(.fini_array.*))
 *(.fini_array*)
 .fini_array    0x000000000800306c        0x4 /opt/st/stm32cubeide_1.3.0_2/plugins/com.st.stm32cube.ide.mcu.externaltools.gnu-tools-for-stm32.7-2018-q2-update.linux64_1.0.0.201904181610/tools/bin/../lib/gcc/arm-none-eabi/7.3.1/thumb/v7e-m/fpv4-sp/hard/crtbegin.o
                [!provide]                        PROVIDE (__fini_array_end = .)
                0x0000000008003070                . = ALIGN (0x4)
                0x0000000008003070                _sidata = LOADADDR (.data)

.data           0x0000000020000000        0xc load address 0x0000000008003070
                0x0000000020000000                . = ALIGN (0x4)
                0x0000000020000000                _sdata = .
 *(.data)
 *(.data*)
 .data.SystemCoreClock
                0x0000000020000000        0x4 Core/Src/system_stm32f4xx.o
                0x0000000020000000                SystemCoreClock
 .data.uwTickPrio
                0x0000000020000004        0x4 Drivers/STM32F4xx_HAL_Driver/Src/stm32f4xx_hal.o
                0x0000000020000004                uwTickPrio
 .data.uwTickFreq
                0x0000000020000008        0x1 Drivers/STM32F4xx_HAL_Driver/Src/stm32f4xx_hal.o
                0x0000000020000008                uwTickFreq
                0x000000002000000c                . = ALIGN (0x4)
 *fill*         0x0000000020000009        0x3 
                0x000000002000000c                _edata = .

.igot.plt       0x000000002000000c        0x0 load address 0x000000000800307c
 .igot.plt      0x000000002000000c        0x0 /opt/st/stm32cubeide_1.3.0_2/plugins/com.st.stm32cube.ide.mcu.externaltools.gnu-tools-for-stm32.7-2018-q2-update.linux64_1.0.0.201904181610/tools/bin/../lib/gcc/arm-none-eabi/7.3.1/thumb/v7e-m/fpv4-sp/hard/crtbegin.o
                0x000000002000000c                . = ALIGN (0x4)

.bss            0x000000002000000c      0x2c8 load address 0x000000000800307c
                0x000000002000000c                _sbss = .
                0x000000002000000c                __bss_start__ = _sbss
 *(.bss)
 .bss           0x000000002000000c       0x1c /opt/st/stm32cubeide_1.3.0_2/plugins/com.st.stm32cube.ide.mcu.externaltools.gnu-tools-for-stm32.7-2018-q2-update.linux64_1.0.0.201904181610/tools/bin/../lib/gcc/arm-none-eabi/7.3.1/thumb/v7e-m/fpv4-sp/hard/crtbegin.o
 *(.bss*)
 .bss.rx_buffer1
                0x0000000020000028       0x48 Core/Src/UartRingbuffer_multi.o
                0x0000000020000028                rx_buffer1
 .bss.tx_buffer1
                0x0000000020000070       0x48 Core/Src/UartRingbuffer_multi.o
                0x0000000020000070                tx_buffer1
 .bss.rx_buffer2
                0x00000000200000b8       0x48 Core/Src/UartRingbuffer_multi.o
                0x00000000200000b8                rx_buffer2
 .bss.tx_buffer2
                0x0000000020000100       0x48 Core/Src/UartRingbuffer_multi.o
                0x0000000020000100                tx_buffer2
 .bss.pxCurrentTCB
                0x0000000020000148        0x4 Middlewares/Third_Party/FreeRTOS/Source/tasks.o
                0x0000000020000148                pxCurrentTCB
 .bss.pxReadyTasksLists
                0x000000002000014c       0x8c Middlewares/Third_Party/FreeRTOS/Source/tasks.o
 .bss.pxDelayedTaskList
                0x00000000200001d8        0x4 Middlewares/Third_Party/FreeRTOS/Source/tasks.o
 .bss.pxOverflowDelayedTaskList
                0x00000000200001dc        0x4 Middlewares/Third_Party/FreeRTOS/Source/tasks.o
 .bss.xTickCount
                0x00000000200001e0        0x4 Middlewares/Third_Party/FreeRTOS/Source/tasks.o
 .bss.uxTopReadyPriority
                0x00000000200001e4        0x4 Middlewares/Third_Party/FreeRTOS/Source/tasks.o
 .bss.uxPendedTicks
                0x00000000200001e8        0x4 Middlewares/Third_Party/FreeRTOS/Source/tasks.o
 .bss.xYieldPending
                0x00000000200001ec        0x4 Middlewares/Third_Party/FreeRTOS/Source/tasks.o
 .bss.xNumOfOverflows
                0x00000000200001f0        0x4 Middlewares/Third_Party/FreeRTOS/Source/tasks.o
 .bss.xNextTaskUnblockTime
                0x00000000200001f4        0x4 Middlewares/Third_Party/FreeRTOS/Source/tasks.o
 .bss.uxSchedulerSuspended
                0x00000000200001f8        0x4 Middlewares/Third_Party/FreeRTOS/Source/tasks.o
 *(COMMON)
 COMMON         0x00000000200001fc       0x10 Core/Src/UartRingbuffer_multi.o
                0x00000000200001fc                _tx_buffer2
                0x0000000020000200                _rx_buffer1
                0x0000000020000204                _tx_buffer1
                0x0000000020000208                _rx_buffer2
 COMMON         0x000000002000020c       0x84 Core/Src/main.o
                0x000000002000020c                defaultTaskHandle
                0x0000000020000210                huart1
                0x0000000020000250                huart2
 COMMON         0x0000000020000290       0x40 Core/Src/stm32f4xx_hal_timebase_tim.o
                0x0000000020000290                htim6
 COMMON         0x00000000200002d0        0x4 Drivers/STM32F4xx_HAL_Driver/Src/stm32f4xx_hal.o
                0x00000000200002d0                uwTick
                0x00000000200002d4                . = ALIGN (0x4)
                0x00000000200002d4                _ebss = .
                0x00000000200002d4                __bss_end__ = _ebss

._user_heap_stack
                0x00000000200002d4      0x604 load address 0x000000000800307c
                0x00000000200002d8                . = ALIGN (0x8)
 *fill*         0x00000000200002d4        0x4 
                0x00000000200002d8                PROVIDE (end = .)
                [!provide]                        PROVIDE (_end = .)
                0x00000000200004d8                . = (. + _Min_Heap_Size)
 *fill*         0x00000000200002d8      0x200 
                0x00000000200008d8                . = (. + _Min_Stack_Size)
 *fill*         0x00000000200004d8      0x400 
                0x00000000200008d8                . = ALIGN (0x8)

/DISCARD/
 libc.a(*)
 libm.a(*)
 libgcc.a(*)

.ARM.attributes
                0x0000000000000000       0x30
 *(.ARM.attributes)
 .ARM.attributes
                0x0000000000000000       0x22 /opt/st/stm32cubeide_1.3.0_2/plugins/com.st.stm32cube.ide.mcu.externaltools.gnu-tools-for-stm32.7-2018-q2-update.linux64_1.0.0.201904181610/tools/bin/../lib/gcc/arm-none-eabi/7.3.1/thumb/v7e-m/fpv4-sp/hard/crti.o
 .ARM.attributes
                0x0000000000000022       0x34 /opt/st/stm32cubeide_1.3.0_2/plugins/com.st.stm32cube.ide.mcu.externaltools.gnu-tools-for-stm32.7-2018-q2-update.linux64_1.0.0.201904181610/tools/bin/../lib/gcc/arm-none-eabi/7.3.1/thumb/v7e-m/fpv4-sp/hard/crtbegin.o
 .ARM.attributes
                0x0000000000000056       0x39 Core/Src/UartRingbuffer_multi.o
 .ARM.attributes
                0x000000000000008f       0x39 Core/Src/main.o
 .ARM.attributes
                0x00000000000000c8       0x39 Core/Src/stm32f4xx_hal_msp.o
 .ARM.attributes
                0x0000000000000101       0x39 Core/Src/stm32f4xx_hal_timebase_tim.o
 .ARM.attributes
                0x000000000000013a       0x39 Core/Src/stm32f4xx_it.o
 .ARM.attributes
                0x0000000000000173       0x39 Core/Src/system_stm32f4xx.o
 .ARM.attributes
                0x00000000000001ac       0x21 Core/Startup/startup_stm32f446retx.o
 .ARM.attributes
                0x00000000000001cd       0x39 Drivers/STM32F4xx_HAL_Driver/Src/stm32f4xx_hal.o
 .ARM.attributes
                0x0000000000000206       0x39 Drivers/STM32F4xx_HAL_Driver/Src/stm32f4xx_hal_cortex.o
 .ARM.attributes
                0x000000000000023f       0x39 Drivers/STM32F4xx_HAL_Driver/Src/stm32f4xx_hal_gpio.o
 .ARM.attributes
                0x0000000000000278       0x39 Drivers/STM32F4xx_HAL_Driver/Src/stm32f4xx_hal_pwr_ex.o
 .ARM.attributes
                0x00000000000002b1       0x39 Drivers/STM32F4xx_HAL_Driver/Src/stm32f4xx_hal_rcc.o
 .ARM.attributes
                0x00000000000002ea       0x39 Drivers/STM32F4xx_HAL_Driver/Src/stm32f4xx_hal_rcc_ex.o
 .ARM.attributes
                0x0000000000000323       0x39 Drivers/STM32F4xx_HAL_Driver/Src/stm32f4xx_hal_tim.o
 .ARM.attributes
                0x000000000000035c       0x39 Drivers/STM32F4xx_HAL_Driver/Src/stm32f4xx_hal_tim_ex.o
 .ARM.attributes
                0x0000000000000395       0x39 Drivers/STM32F4xx_HAL_Driver/Src/stm32f4xx_hal_uart.o
 .ARM.attributes
                0x00000000000003ce       0x39 Middlewares/Third_Party/FreeRTOS/Source/list.o
 .ARM.attributes
                0x0000000000000407       0x39 Middlewares/Third_Party/FreeRTOS/Source/tasks.o
 .ARM.attributes
                0x0000000000000440       0x39 Middlewares/Third_Party/FreeRTOS/Source/portable/GCC/ARM_CM4F/port.o
 .ARM.attributes
                0x0000000000000479       0x34 /opt/st/stm32cubeide_1.3.0_2/plugins/com.st.stm32cube.ide.mcu.externaltools.gnu-tools-for-stm32.7-2018-q2-update.linux64_1.0.0.201904181610/tools/bin/../lib/gcc/arm-none-eabi/7.3.1/../../../../arm-none-eabi/lib/thumb/v7e-m/fpv4-sp/hard/libc_nano.a(lib_a-init.o)
 .ARM.attributes
                0x00000000000004ad       0x34 /opt/st/stm32cubeide_1.3.0_2/plugins/com.st.stm32cube.ide.mcu.externaltools.gnu-tools-for-stm32.7-2018-q2-update.linux64_1.0.0.201904181610/tools/bin/../lib/gcc/arm-none-eabi/7.3.1/../../../../arm-none-eabi/lib/thumb/v7e-m/fpv4-sp/hard/libc_nano.a(lib_a-memset.o)
 .ARM.attributes
                0x00000000000004e1       0x22 /opt/st/stm32cubeide_1.3.0_2/plugins/com.st.stm32cube.ide.mcu.externaltools.gnu-tools-for-stm32.7-2018-q2-update.linux64_1.0.0.201904181610/tools/bin/../lib/gcc/arm-none-eabi/7.3.1/thumb/v7e-m/fpv4-sp/hard/libgcc.a(_aeabi_uldivmod.o)
 .ARM.attributes
                0x0000000000000503       0x34 /opt/st/stm32cubeide_1.3.0_2/plugins/com.st.stm32cube.ide.mcu.externaltools.gnu-tools-for-stm32.7-2018-q2-update.linux64_1.0.0.201904181610/tools/bin/../lib/gcc/arm-none-eabi/7.3.1/thumb/v7e-m/fpv4-sp/hard/libgcc.a(_udivmoddi4.o)
 .ARM.attributes
                0x0000000000000537       0x22 /opt/st/stm32cubeide_1.3.0_2/plugins/com.st.stm32cube.ide.mcu.externaltools.gnu-tools-for-stm32.7-2018-q2-update.linux64_1.0.0.201904181610/tools/bin/../lib/gcc/arm-none-eabi/7.3.1/thumb/v7e-m/fpv4-sp/hard/libgcc.a(_dvmd_tls.o)
 .ARM.attributes
                0x0000000000000559       0x22 /opt/st/stm32cubeide_1.3.0_2/plugins/com.st.stm32cube.ide.mcu.externaltools.gnu-tools-for-stm32.7-2018-q2-update.linux64_1.0.0.201904181610/tools/bin/../lib/gcc/arm-none-eabi/7.3.1/thumb/v7e-m/fpv4-sp/hard/crtn.o
OUTPUT(MQTT_ESP.elf elf32-littlearm)

.debug_info     0x0000000000000000     0xffc2
 .debug_info    0x0000000000000000     0x139e Core/Src/UartRingbuffer_multi.o
 .debug_info    0x000000000000139e      0xed1 Core/Src/main.o
 .debug_info    0x000000000000226f      0xbef Core/Src/stm32f4xx_hal_msp.o
 .debug_info    0x0000000000002e5e      0xb7f Core/Src/stm32f4xx_hal_timebase_tim.o
 .debug_info    0x00000000000039dd      0x903 Core/Src/stm32f4xx_it.o
 .debug_info    0x00000000000042e0      0x588 Core/Src/system_stm32f4xx.o
 .debug_info    0x0000000000004868       0x22 Core/Startup/startup_stm32f446retx.o
 .debug_info    0x000000000000488a      0x997 Drivers/STM32F4xx_HAL_Driver/Src/stm32f4xx_hal.o
 .debug_info    0x0000000000005221      0xe46 Drivers/STM32F4xx_HAL_Driver/Src/stm32f4xx_hal_cortex.o
 .debug_info    0x0000000000006067      0x803 Drivers/STM32F4xx_HAL_Driver/Src/stm32f4xx_hal_gpio.o
 .debug_info    0x000000000000686a      0x761 Drivers/STM32F4xx_HAL_Driver/Src/stm32f4xx_hal_pwr_ex.o
 .debug_info    0x0000000000006fcb      0x944 Drivers/STM32F4xx_HAL_Driver/Src/stm32f4xx_hal_rcc.o
 .debug_info    0x000000000000790f      0x9d5 Drivers/STM32F4xx_HAL_Driver/Src/stm32f4xx_hal_rcc_ex.o
 .debug_info    0x00000000000082e4     0x24a9 Drivers/STM32F4xx_HAL_Driver/Src/stm32f4xx_hal_tim.o
 .debug_info    0x000000000000a78d     0x1157 Drivers/STM32F4xx_HAL_Driver/Src/stm32f4xx_hal_tim_ex.o
 .debug_info    0x000000000000b8e4     0x124c Drivers/STM32F4xx_HAL_Driver/Src/stm32f4xx_hal_uart.o
 .debug_info    0x000000000000cb30      0xacb Middlewares/Third_Party/FreeRTOS/Source/list.o
 .debug_info    0x000000000000d5fb     0x2494 Middlewares/Third_Party/FreeRTOS/Source/tasks.o
 .debug_info    0x000000000000fa8f      0x533 Middlewares/Third_Party/FreeRTOS/Source/portable/GCC/ARM_CM4F/port.o

.debug_abbrev   0x0000000000000000     0x24a8
 .debug_abbrev  0x0000000000000000      0x2c8 Core/Src/UartRingbuffer_multi.o
 .debug_abbrev  0x00000000000002c8      0x22d Core/Src/main.o
 .debug_abbrev  0x00000000000004f5      0x195 Core/Src/stm32f4xx_hal_msp.o
 .debug_abbrev  0x000000000000068a      0x19d Core/Src/stm32f4xx_hal_timebase_tim.o
 .debug_abbrev  0x0000000000000827      0x15a Core/Src/stm32f4xx_it.o
 .debug_abbrev  0x0000000000000981      0x12b Core/Src/system_stm32f4xx.o
 .debug_abbrev  0x0000000000000aac       0x12 Core/Startup/startup_stm32f446retx.o
 .debug_abbrev  0x0000000000000abe      0x1c7 Drivers/STM32F4xx_HAL_Driver/Src/stm32f4xx_hal.o
 .debug_abbrev  0x0000000000000c85      0x2fa Drivers/STM32F4xx_HAL_Driver/Src/stm32f4xx_hal_cortex.o
 .debug_abbrev  0x0000000000000f7f      0x1c9 Drivers/STM32F4xx_HAL_Driver/Src/stm32f4xx_hal_gpio.o
 .debug_abbrev  0x0000000000001148      0x1b8 Drivers/STM32F4xx_HAL_Driver/Src/stm32f4xx_hal_pwr_ex.o
 .debug_abbrev  0x0000000000001300      0x245 Drivers/STM32F4xx_HAL_Driver/Src/stm32f4xx_hal_rcc.o
 .debug_abbrev  0x0000000000001545      0x1bc Drivers/STM32F4xx_HAL_Driver/Src/stm32f4xx_hal_rcc_ex.o
 .debug_abbrev  0x0000000000001701      0x230 Drivers/STM32F4xx_HAL_Driver/Src/stm32f4xx_hal_tim.o
 .debug_abbrev  0x0000000000001931      0x21e Drivers/STM32F4xx_HAL_Driver/Src/stm32f4xx_hal_tim_ex.o
 .debug_abbrev  0x0000000000001b4f      0x242 Drivers/STM32F4xx_HAL_Driver/Src/stm32f4xx_hal_uart.o
 .debug_abbrev  0x0000000000001d91      0x1cf Middlewares/Third_Party/FreeRTOS/Source/list.o
 .debug_abbrev  0x0000000000001f60      0x338 Middlewares/Third_Party/FreeRTOS/Source/tasks.o
 .debug_abbrev  0x0000000000002298      0x210 Middlewares/Third_Party/FreeRTOS/Source/portable/GCC/ARM_CM4F/port.o

.debug_aranges  0x0000000000000000      0xec8
 .debug_aranges
                0x0000000000000000       0x70 Core/Src/UartRingbuffer_multi.o
 .debug_aranges
                0x0000000000000070       0x58 Core/Src/main.o
 .debug_aranges
                0x00000000000000c8       0x30 Core/Src/stm32f4xx_hal_msp.o
 .debug_aranges
                0x00000000000000f8       0x30 Core/Src/stm32f4xx_hal_timebase_tim.o
 .debug_aranges
                0x0000000000000128       0x60 Core/Src/stm32f4xx_it.o
 .debug_aranges
                0x0000000000000188       0x28 Core/Src/system_stm32f4xx.o
 .debug_aranges
                0x00000000000001b0       0x28 Core/Startup/startup_stm32f446retx.o
 .debug_aranges
                0x00000000000001d8       0xf0 Drivers/STM32F4xx_HAL_Driver/Src/stm32f4xx_hal.o
 .debug_aranges
                0x00000000000002c8      0x118 Drivers/STM32F4xx_HAL_Driver/Src/stm32f4xx_hal_cortex.o
 .debug_aranges
                0x00000000000003e0       0x58 Drivers/STM32F4xx_HAL_Driver/Src/stm32f4xx_hal_gpio.o
 .debug_aranges
                0x0000000000000438       0x60 Drivers/STM32F4xx_HAL_Driver/Src/stm32f4xx_hal_pwr_ex.o
 .debug_aranges
                0x0000000000000498       0x88 Drivers/STM32F4xx_HAL_Driver/Src/stm32f4xx_hal_rcc.o
 .debug_aranges
                0x0000000000000520       0x78 Drivers/STM32F4xx_HAL_Driver/Src/stm32f4xx_hal_rcc_ex.o
 .debug_aranges
                0x0000000000000598      0x3a8 Drivers/STM32F4xx_HAL_Driver/Src/stm32f4xx_hal_tim.o
 .debug_aranges
                0x0000000000000940      0x150 Drivers/STM32F4xx_HAL_Driver/Src/stm32f4xx_hal_tim_ex.o
 .debug_aranges
                0x0000000000000a90      0x1d0 Drivers/STM32F4xx_HAL_Driver/Src/stm32f4xx_hal_uart.o
 .debug_aranges
                0x0000000000000c60       0x40 Middlewares/Third_Party/FreeRTOS/Source/list.o
 .debug_aranges
                0x0000000000000ca0      0x1a8 Middlewares/Third_Party/FreeRTOS/Source/tasks.o
 .debug_aranges
                0x0000000000000e48       0x80 Middlewares/Third_Party/FreeRTOS/Source/portable/GCC/ARM_CM4F/port.o

.debug_ranges   0x0000000000000000      0xdb8
 .debug_ranges  0x0000000000000000       0x78 Core/Src/UartRingbuffer_multi.o
 .debug_ranges  0x0000000000000078       0x48 Core/Src/main.o
 .debug_ranges  0x00000000000000c0       0x20 Core/Src/stm32f4xx_hal_msp.o
 .debug_ranges  0x00000000000000e0       0x20 Core/Src/stm32f4xx_hal_timebase_tim.o
 .debug_ranges  0x0000000000000100       0x50 Core/Src/stm32f4xx_it.o
 .debug_ranges  0x0000000000000150       0x18 Core/Src/system_stm32f4xx.o
 .debug_ranges  0x0000000000000168       0x20 Core/Startup/startup_stm32f446retx.o
 .debug_ranges  0x0000000000000188       0xe0 Drivers/STM32F4xx_HAL_Driver/Src/stm32f4xx_hal.o
 .debug_ranges  0x0000000000000268      0x108 Drivers/STM32F4xx_HAL_Driver/Src/stm32f4xx_hal_cortex.o
 .debug_ranges  0x0000000000000370       0x48 Drivers/STM32F4xx_HAL_Driver/Src/stm32f4xx_hal_gpio.o
 .debug_ranges  0x00000000000003b8       0x50 Drivers/STM32F4xx_HAL_Driver/Src/stm32f4xx_hal_pwr_ex.o
 .debug_ranges  0x0000000000000408       0x78 Drivers/STM32F4xx_HAL_Driver/Src/stm32f4xx_hal_rcc.o
 .debug_ranges  0x0000000000000480       0x68 Drivers/STM32F4xx_HAL_Driver/Src/stm32f4xx_hal_rcc_ex.o
 .debug_ranges  0x00000000000004e8      0x398 Drivers/STM32F4xx_HAL_Driver/Src/stm32f4xx_hal_tim.o
 .debug_ranges  0x0000000000000880      0x140 Drivers/STM32F4xx_HAL_Driver/Src/stm32f4xx_hal_tim_ex.o
 .debug_ranges  0x00000000000009c0      0x1c0 Drivers/STM32F4xx_HAL_Driver/Src/stm32f4xx_hal_uart.o
 .debug_ranges  0x0000000000000b80       0x30 Middlewares/Third_Party/FreeRTOS/Source/list.o
 .debug_ranges  0x0000000000000bb0      0x198 Middlewares/Third_Party/FreeRTOS/Source/tasks.o
 .debug_ranges  0x0000000000000d48       0x70 Middlewares/Third_Party/FreeRTOS/Source/portable/GCC/ARM_CM4F/port.o

.debug_macro    0x0000000000000000    0x223ba
 .debug_macro   0x0000000000000000      0x2ab Core/Src/UartRingbuffer_multi.o
 .debug_macro   0x00000000000002ab      0xa5a Core/Src/UartRingbuffer_multi.o
 .debug_macro   0x0000000000000d05      0x18a Core/Src/UartRingbuffer_multi.o
 .debug_macro   0x0000000000000e8f       0x2e Core/Src/UartRingbuffer_multi.o
 .debug_macro   0x0000000000000ebd       0x28 Core/Src/UartRingbuffer_multi.o
 .debug_macro   0x0000000000000ee5       0x22 Core/Src/UartRingbuffer_multi.o
 .debug_macro   0x0000000000000f07       0x8e Core/Src/UartRingbuffer_multi.o
 .debug_macro   0x0000000000000f95       0x51 Core/Src/UartRingbuffer_multi.o
 .debug_macro   0x0000000000000fe6       0xef Core/Src/UartRingbuffer_multi.o
 .debug_macro   0x00000000000010d5       0x6a Core/Src/UartRingbuffer_multi.o
 .debug_macro   0x000000000000113f      0x1df Core/Src/UartRingbuffer_multi.o
 .debug_macro   0x000000000000131e       0x1c Core/Src/UartRingbuffer_multi.o
 .debug_macro   0x000000000000133a       0x22 Core/Src/UartRingbuffer_multi.o
 .debug_macro   0x000000000000135c       0xdf Core/Src/UartRingbuffer_multi.o
 .debug_macro   0x000000000000143b     0x102d Core/Src/UartRingbuffer_multi.o
 .debug_macro   0x0000000000002468      0x11f Core/Src/UartRingbuffer_multi.o
 .debug_macro   0x0000000000002587    0x1672d Core/Src/UartRingbuffer_multi.o
 .debug_macro   0x0000000000018cb4       0x43 Core/Src/UartRingbuffer_multi.o
 .debug_macro   0x0000000000018cf7     0x3659 Core/Src/UartRingbuffer_multi.o
 .debug_macro   0x000000000001c350      0x174 Core/Src/UartRingbuffer_multi.o
 .debug_macro   0x000000000001c4c4       0x5a Core/Src/UartRingbuffer_multi.o
 .debug_macro   0x000000000001c51e      0xc90 Core/Src/UartRingbuffer_multi.o
 .debug_macro   0x000000000001d1ae      0x9fe Core/Src/UartRingbuffer_multi.o
 .debug_macro   0x000000000001dbac      0x16d Core/Src/UartRingbuffer_multi.o
 .debug_macro   0x000000000001dd19      0x117 Core/Src/UartRingbuffer_multi.o
 .debug_macro   0x000000000001de30      0x1a0 Core/Src/UartRingbuffer_multi.o
 .debug_macro   0x000000000001dfd0       0x27 Core/Src/UartRingbuffer_multi.o
 .debug_macro   0x000000000001dff7      0x287 Core/Src/UartRingbuffer_multi.o
 .debug_macro   0x000000000001e27e       0x5f Core/Src/UartRingbuffer_multi.o
 .debug_macro   0x000000000001e2dd      0x236 Core/Src/UartRingbuffer_multi.o
 .debug_macro   0x000000000001e513      0x132 Core/Src/UartRingbuffer_multi.o
 .debug_macro   0x000000000001e645      0x29c Core/Src/UartRingbuffer_multi.o
 .debug_macro   0x000000000001e8e1       0x2e Core/Src/UartRingbuffer_multi.o
 .debug_macro   0x000000000001e90f      0x11a Core/Src/UartRingbuffer_multi.o
 .debug_macro   0x000000000001ea29       0xe8 Core/Src/UartRingbuffer_multi.o
 .debug_macro   0x000000000001eb11       0x89 Core/Src/UartRingbuffer_multi.o
 .debug_macro   0x000000000001eb9a      0x8a0 Core/Src/UartRingbuffer_multi.o
 .debug_macro   0x000000000001f43a       0x4d Core/Src/UartRingbuffer_multi.o
 .debug_macro   0x000000000001f487      0x287 Core/Src/UartRingbuffer_multi.o
 .debug_macro   0x000000000001f70e      0x126 Core/Src/UartRingbuffer_multi.o
 .debug_macro   0x000000000001f834       0x46 Core/Src/UartRingbuffer_multi.o
 .debug_macro   0x000000000001f87a       0x18 Core/Src/UartRingbuffer_multi.o
 .debug_macro   0x000000000001f892       0x3c Core/Src/UartRingbuffer_multi.o
 .debug_macro   0x000000000001f8ce       0x34 Core/Src/UartRingbuffer_multi.o
 .debug_macro   0x000000000001f902       0x52 Core/Src/UartRingbuffer_multi.o
 .debug_macro   0x000000000001f954       0x1f Core/Src/UartRingbuffer_multi.o
 .debug_macro   0x000000000001f973       0x43 Core/Src/UartRingbuffer_multi.o
 .debug_macro   0x000000000001f9b6       0x20 Core/Src/UartRingbuffer_multi.o
 .debug_macro   0x000000000001f9d6      0x1a3 Core/Src/UartRingbuffer_multi.o
 .debug_macro   0x000000000001fb79      0x32a Core/Src/UartRingbuffer_multi.o
 .debug_macro   0x000000000001fea3       0x10 Core/Src/UartRingbuffer_multi.o
 .debug_macro   0x000000000001feb3       0x35 Core/Src/UartRingbuffer_multi.o
 .debug_macro   0x000000000001fee8       0x20 Core/Src/UartRingbuffer_multi.o
 .debug_macro   0x000000000001ff08      0x2a5 Core/Src/main.o
 .debug_macro   0x00000000000201ad       0xea Core/Src/main.o
 .debug_macro   0x0000000000020297       0x91 Core/Src/main.o
 .debug_macro   0x0000000000020328       0x8d Core/Src/main.o
 .debug_macro   0x00000000000203b5       0x7e Core/Src/main.o
 .debug_macro   0x0000000000020433       0x19 Core/Src/main.o
 .debug_macro   0x000000000002044c       0xf2 Core/Src/main.o
 .debug_macro   0x000000000002053e       0x10 Core/Src/main.o
 .debug_macro   0x000000000002054e      0x1dd Core/Src/stm32f4xx_hal_msp.o
 .debug_macro   0x000000000002072b      0x1ce Core/Src/stm32f4xx_hal_timebase_tim.o
 .debug_macro   0x00000000000208f9      0x24f Core/Src/stm32f4xx_it.o
 .debug_macro   0x0000000000020b48      0x1d4 Core/Src/system_stm32f4xx.o
 .debug_macro   0x0000000000020d1c      0x22e Drivers/STM32F4xx_HAL_Driver/Src/stm32f4xx_hal.o
 .debug_macro   0x0000000000020f4a      0x1ce Drivers/STM32F4xx_HAL_Driver/Src/stm32f4xx_hal_cortex.o
 .debug_macro   0x0000000000021118      0x204 Drivers/STM32F4xx_HAL_Driver/Src/stm32f4xx_hal_gpio.o
 .debug_macro   0x000000000002131c      0x1e6 Drivers/STM32F4xx_HAL_Driver/Src/stm32f4xx_hal_pwr_ex.o
 .debug_macro   0x0000000000021502      0x1f2 Drivers/STM32F4xx_HAL_Driver/Src/stm32f4xx_hal_rcc.o
 .debug_macro   0x00000000000216f4      0x1ce Drivers/STM32F4xx_HAL_Driver/Src/stm32f4xx_hal_rcc_ex.o
 .debug_macro   0x00000000000218c2      0x1cf Drivers/STM32F4xx_HAL_Driver/Src/stm32f4xx_hal_tim.o
 .debug_macro   0x0000000000021a91      0x1ce Drivers/STM32F4xx_HAL_Driver/Src/stm32f4xx_hal_tim_ex.o
 .debug_macro   0x0000000000021c5f      0x1cf Drivers/STM32F4xx_HAL_Driver/Src/stm32f4xx_hal_uart.o
 .debug_macro   0x0000000000021e2e      0x17a Middlewares/Third_Party/FreeRTOS/Source/list.o
 .debug_macro   0x0000000000021fa8      0x26c Middlewares/Third_Party/FreeRTOS/Source/tasks.o
 .debug_macro   0x0000000000022214       0x10 Middlewares/Third_Party/FreeRTOS/Source/tasks.o
 .debug_macro   0x0000000000022224      0x196 Middlewares/Third_Party/FreeRTOS/Source/portable/GCC/ARM_CM4F/port.o

.debug_line     0x0000000000000000     0xba4d
 .debug_line    0x0000000000000000      0xa5f Core/Src/UartRingbuffer_multi.o
 .debug_line    0x0000000000000a5f      0x8f8 Core/Src/main.o
 .debug_line    0x0000000000001357      0x6f1 Core/Src/stm32f4xx_hal_msp.o
 .debug_line    0x0000000000001a48      0x6d9 Core/Src/stm32f4xx_hal_timebase_tim.o
 .debug_line    0x0000000000002121      0x84e Core/Src/stm32f4xx_it.o
 .debug_line    0x000000000000296f      0x6c0 Core/Src/system_stm32f4xx.o
 .debug_line    0x000000000000302f       0x85 Core/Startup/startup_stm32f446retx.o
 .debug_line    0x00000000000030b4      0x8aa Drivers/STM32F4xx_HAL_Driver/Src/stm32f4xx_hal.o
 .debug_line    0x000000000000395e      0x9ce Drivers/STM32F4xx_HAL_Driver/Src/stm32f4xx_hal_cortex.o
 .debug_line    0x000000000000432c      0x875 Drivers/STM32F4xx_HAL_Driver/Src/stm32f4xx_hal_gpio.o
 .debug_line    0x0000000000004ba1      0x79c Drivers/STM32F4xx_HAL_Driver/Src/stm32f4xx_hal_pwr_ex.o
 .debug_line    0x000000000000533d      0x902 Drivers/STM32F4xx_HAL_Driver/Src/stm32f4xx_hal_rcc.o
 .debug_line    0x0000000000005c3f      0xa93 Drivers/STM32F4xx_HAL_Driver/Src/stm32f4xx_hal_rcc_ex.o
 .debug_line    0x00000000000066d2     0x1923 Drivers/STM32F4xx_HAL_Driver/Src/stm32f4xx_hal_tim.o
 .debug_line    0x0000000000007ff5      0xcc0 Drivers/STM32F4xx_HAL_Driver/Src/stm32f4xx_hal_tim_ex.o
 .debug_line    0x0000000000008cb5      0xfb8 Drivers/STM32F4xx_HAL_Driver/Src/stm32f4xx_hal_uart.o
 .debug_line    0x0000000000009c6d      0x649 Middlewares/Third_Party/FreeRTOS/Source/list.o
 .debug_line    0x000000000000a2b6     0x1110 Middlewares/Third_Party/FreeRTOS/Source/tasks.o
 .debug_line    0x000000000000b3c6      0x687 Middlewares/Third_Party/FreeRTOS/Source/portable/GCC/ARM_CM4F/port.o

.debug_str      0x0000000000000000    0xd5c91
 .debug_str     0x0000000000000000    0xca887 Core/Src/UartRingbuffer_multi.o
                                      0xcac4d (size before relaxing)
 .debug_str     0x00000000000ca887     0x657f Core/Src/main.o
                                      0xce116 (size before relaxing)
 .debug_str     0x00000000000d0e06      0x552 Core/Src/stm32f4xx_hal_msp.o
                                      0xc8338 (size before relaxing)
 .debug_str     0x00000000000d1358       0xaa Core/Src/stm32f4xx_hal_timebase_tim.o
                                      0xc827f (size before relaxing)
 .debug_str     0x00000000000d1402       0xca Core/Src/stm32f4xx_it.o
                                      0xcbc18 (size before relaxing)
 .debug_str     0x00000000000d14cc       0xc4 Core/Src/system_stm32f4xx.o
                                      0xc78c8 (size before relaxing)
 .debug_str     0x00000000000d1590       0x36 Core/Startup/startup_stm32f446retx.o
                                         0x6c (size before relaxing)
 .debug_str     0x00000000000d15c6      0x542 Drivers/STM32F4xx_HAL_Driver/Src/stm32f4xx_hal.o
                                      0xc83d6 (size before relaxing)
 .debug_str     0x00000000000d1b08      0x392 Drivers/STM32F4xx_HAL_Driver/Src/stm32f4xx_hal_cortex.o
                                      0xc81a0 (size before relaxing)
 .debug_str     0x00000000000d1e9a      0x20c Drivers/STM32F4xx_HAL_Driver/Src/stm32f4xx_hal_gpio.o
                                      0xc7b07 (size before relaxing)
 .debug_str     0x00000000000d20a6      0x135 Drivers/STM32F4xx_HAL_Driver/Src/stm32f4xx_hal_pwr_ex.o
                                      0xc7aab (size before relaxing)
 .debug_str     0x00000000000d21db      0x24f Drivers/STM32F4xx_HAL_Driver/Src/stm32f4xx_hal_rcc.o
                                      0xc7cba (size before relaxing)
 .debug_str     0x00000000000d242a      0x31c Drivers/STM32F4xx_HAL_Driver/Src/stm32f4xx_hal_rcc_ex.o
                                      0xc7d0c (size before relaxing)
 .debug_str     0x00000000000d2746      0xd6f Drivers/STM32F4xx_HAL_Driver/Src/stm32f4xx_hal_tim.o
                                      0xc89af (size before relaxing)
 .debug_str     0x00000000000d34b5      0x4ec Drivers/STM32F4xx_HAL_Driver/Src/stm32f4xx_hal_tim_ex.o
                                      0xc81af (size before relaxing)
 .debug_str     0x00000000000d39a1      0x506 Drivers/STM32F4xx_HAL_Driver/Src/stm32f4xx_hal_uart.o
                                      0xc80ef (size before relaxing)
 .debug_str     0x00000000000d3ea7      0x259 Middlewares/Third_Party/FreeRTOS/Source/list.o
                                       0xa766 (size before relaxing)
 .debug_str     0x00000000000d4100     0x138e Middlewares/Third_Party/FreeRTOS/Source/tasks.o
                                       0xc987 (size before relaxing)
 .debug_str     0x00000000000d548e      0x803 Middlewares/Third_Party/FreeRTOS/Source/portable/GCC/ARM_CM4F/port.o
                                       0x852f (size before relaxing)

.comment        0x0000000000000000       0x7b
 .comment       0x0000000000000000       0x7b Core/Src/UartRingbuffer_multi.o
                                         0x7c (size before relaxing)
 .comment       0x000000000000007b       0x7c Core/Src/main.o
 .comment       0x000000000000007b       0x7c Core/Src/stm32f4xx_hal_msp.o
 .comment       0x000000000000007b       0x7c Core/Src/stm32f4xx_hal_timebase_tim.o
 .comment       0x000000000000007b       0x7c Core/Src/stm32f4xx_it.o
 .comment       0x000000000000007b       0x7c Core/Src/system_stm32f4xx.o
 .comment       0x000000000000007b       0x7c Drivers/STM32F4xx_HAL_Driver/Src/stm32f4xx_hal.o
 .comment       0x000000000000007b       0x7c Drivers/STM32F4xx_HAL_Driver/Src/stm32f4xx_hal_cortex.o
 .comment       0x000000000000007b       0x7c Drivers/STM32F4xx_HAL_Driver/Src/stm32f4xx_hal_gpio.o
 .comment       0x000000000000007b       0x7c Drivers/STM32F4xx_HAL_Driver/Src/stm32f4xx_hal_pwr_ex.o
 .comment       0x000000000000007b       0x7c Drivers/STM32F4xx_HAL_Driver/Src/stm32f4xx_hal_rcc.o
 .comment       0x000000000000007b       0x7c Drivers/STM32F4xx_HAL_Driver/Src/stm32f4xx_hal_rcc_ex.o
 .comment       0x000000000000007b       0x7c Drivers/STM32F4xx_HAL_Driver/Src/stm32f4xx_hal_tim.o
 .comment       0x000000000000007b       0x7c Drivers/STM32F4xx_HAL_Driver/Src/stm32f4xx_hal_tim_ex.o
 .comment       0x000000000000007b       0x7c Drivers/STM32F4xx_HAL_Driver/Src/stm32f4xx_hal_uart.o
 .comment       0x000000000000007b       0x7c Middlewares/Third_Party/FreeRTOS/Source/list.o
 .comment       0x000000000000007b       0x7c Middlewares/Third_Party/FreeRTOS/Source/tasks.o
 .comment       0x000000000000007b       0x7c Middlewares/Third_Party/FreeRTOS/Source/portable/GCC/ARM_CM4F/port.o

.debug_frame    0x0000000000000000     0x3cd0
 .debug_frame   0x0000000000000000      0x1a8 Core/Src/UartRingbuffer_multi.o
 .debug_frame   0x00000000000001a8      0x114 Core/Src/main.o
 .debug_frame   0x00000000000002bc       0x7c Core/Src/stm32f4xx_hal_msp.o
 .debug_frame   0x0000000000000338       0x74 Core/Src/stm32f4xx_hal_timebase_tim.o
 .debug_frame   0x00000000000003ac      0x104 Core/Src/stm32f4xx_it.o
 .debug_frame   0x00000000000004b0       0x58 Core/Src/system_stm32f4xx.o
 .debug_frame   0x0000000000000508      0x374 Drivers/STM32F4xx_HAL_Driver/Src/stm32f4xx_hal.o
 .debug_frame   0x000000000000087c      0x498 Drivers/STM32F4xx_HAL_Driver/Src/stm32f4xx_hal_cortex.o
 .debug_frame   0x0000000000000d14      0x14c Drivers/STM32F4xx_HAL_Driver/Src/stm32f4xx_hal_gpio.o
 .debug_frame   0x0000000000000e60      0x14c Drivers/STM32F4xx_HAL_Driver/Src/stm32f4xx_hal_pwr_ex.o
 .debug_frame   0x0000000000000fac      0x1f0 Drivers/STM32F4xx_HAL_Driver/Src/stm32f4xx_hal_rcc.o
 .debug_frame   0x000000000000119c      0x1e0 Drivers/STM32F4xx_HAL_Driver/Src/stm32f4xx_hal_rcc_ex.o
 .debug_frame   0x000000000000137c     0x10f0 Drivers/STM32F4xx_HAL_Driver/Src/stm32f4xx_hal_tim.o
 .debug_frame   0x000000000000246c      0x5c0 Drivers/STM32F4xx_HAL_Driver/Src/stm32f4xx_hal_tim_ex.o
 .debug_frame   0x0000000000002a2c      0x844 Drivers/STM32F4xx_HAL_Driver/Src/stm32f4xx_hal_uart.o
 .debug_frame   0x0000000000003270       0xd8 Middlewares/Third_Party/FreeRTOS/Source/list.o
 .debug_frame   0x0000000000003348      0x734 Middlewares/Third_Party/FreeRTOS/Source/tasks.o
 .debug_frame   0x0000000000003a7c      0x1a8 Middlewares/Third_Party/FreeRTOS/Source/portable/GCC/ARM_CM4F/port.o
 .debug_frame   0x0000000000003c24       0x2c /opt/st/stm32cubeide_1.3.0_2/plugins/com.st.stm32cube.ide.mcu.externaltools.gnu-tools-for-stm32.7-2018-q2-update.linux64_1.0.0.201904181610/tools/bin/../lib/gcc/arm-none-eabi/7.3.1/../../../../arm-none-eabi/lib/thumb/v7e-m/fpv4-sp/hard/libc_nano.a(lib_a-init.o)
 .debug_frame   0x0000000000003c50       0x20 /opt/st/stm32cubeide_1.3.0_2/plugins/com.st.stm32cube.ide.mcu.externaltools.gnu-tools-for-stm32.7-2018-q2-update.linux64_1.0.0.201904181610/tools/bin/../lib/gcc/arm-none-eabi/7.3.1/../../../../arm-none-eabi/lib/thumb/v7e-m/fpv4-sp/hard/libc_nano.a(lib_a-memset.o)
 .debug_frame   0x0000000000003c70       0x2c /opt/st/stm32cubeide_1.3.0_2/plugins/com.st.stm32cube.ide.mcu.externaltools.gnu-tools-for-stm32.7-2018-q2-update.linux64_1.0.0.201904181610/tools/bin/../lib/gcc/arm-none-eabi/7.3.1/thumb/v7e-m/fpv4-sp/hard/libgcc.a(_aeabi_uldivmod.o)
 .debug_frame   0x0000000000003c9c       0x34 /opt/st/stm32cubeide_1.3.0_2/plugins/com.st.stm32cube.ide.mcu.externaltools.gnu-tools-for-stm32.7-2018-q2-update.linux64_1.0.0.201904181610/tools/bin/../lib/gcc/arm-none-eabi/7.3.1/thumb/v7e-m/fpv4-sp/hard/libgcc.a(_udivmoddi4.o)
